Archive member included to satisfy reference by file (symbol)

E:\STM32\version2\drivers\inc\inc\lib_stm\libLibraries.a(system_stm32f4xx.o)
                              ./Src/main.o (SystemCoreClockUpdate)
E:\STM32\version2\drivers\inc\inc\lib_stm\libLibraries.a(stm32f401re_adc.o)
                              ./Src/main.o (ADC_DeInit)
E:\STM32\version2\drivers\inc\inc\lib_stm\libLibraries.a(stm32f401re_gpio.o)
                              ./Src/main.o (GPIO_Init)
E:\STM32\version2\drivers\inc\inc\lib_stm\libLibraries.a(stm32f401re_i2c.o)
                              ./Src/main.o (I2C_Init)
E:\STM32\version2\drivers\inc\inc\lib_stm\libLibraries.a(stm32f401re_rcc.o)
                              E:\STM32\version2\drivers\inc\inc\lib_stm\libLibraries.a(stm32f401re_i2c.o) (RCC_GetClocksFreq)
E:\STM32\version2\drivers\inc\inc\lib_stm\libLibraries.a(stm32f401re_tim.o)
                              ./Src/main.o (TIM_TimeBaseInit)
E:\STM32\version2\drivers\inc\inc\lib_stm\libLibraries.a(timer.o)
                              ./Src/main.o (TimerInit)
E:\STM32\version2\drivers\inc\inc\lib_stm\libLibraries.a(temhumsensor.o)
                              ./Src/main.o (TemHumSensor_Init)
E:\STM32\version2\drivers\inc\inc\lib_stm\libLibraries.a(serial.o)
                              E:\STM32\version2\drivers\inc\inc\lib_stm\libLibraries.a(temhumsensor.o) (Serial_SendPacket)
E:\STM32\version2\drivers\inc\inc\lib_stm\libLibraries.a(Ucglib.o)
                              ./Src/main.o (Ucglib4WireSWSPI_begin)
E:\STM32\version2\drivers\inc\inc\lib_stm\libLibraries.a(ucg_box.o)
                              ./Src/main.o (ucg_ClearScreen)
E:\STM32\version2\drivers\inc\inc\lib_stm\libLibraries.a(ucg_ccs.o)
                              E:\STM32\version2\drivers\inc\inc\lib_stm\libLibraries.a(ucg_box.o) (ucg_ccs_init)
E:\STM32\version2\drivers\inc\inc\lib_stm\libLibraries.a(ucg_circle.o)
                              E:\STM32\version2\drivers\inc\inc\lib_stm\libLibraries.a(ucg_box.o) (ucg_DrawCircle)
E:\STM32\version2\drivers\inc\inc\lib_stm\libLibraries.a(ucg_dev_default_cb.o)
                              E:\STM32\version2\drivers\inc\inc\lib_stm\libLibraries.a(Ucglib.o) (ucg_dev_default_cb)
E:\STM32\version2\drivers\inc\inc\lib_stm\libLibraries.a(ucg_dev_ic_st7735.o)
                              E:\STM32\version2\drivers\inc\inc\lib_stm\libLibraries.a(Ucglib.o) (ucg_ext_st7735_18)
E:\STM32\version2\drivers\inc\inc\lib_stm\libLibraries.a(ucg_dev_msg_api.o)
                              E:\STM32\version2\drivers\inc\inc\lib_stm\libLibraries.a(ucg_box.o) (ucg_SetMaxClipRange)
E:\STM32\version2\drivers\inc\inc\lib_stm\libLibraries.a(ucg_dev_tft_128x128_st7735.o)
                              E:\STM32\version2\drivers\inc\inc\lib_stm\libLibraries.a(Ucglib.o) (ucg_dev_st7735_18x128x128)
E:\STM32\version2\drivers\inc\inc\lib_stm\libLibraries.a(ucg_font.o)
                              E:\STM32\version2\drivers\inc\inc\lib_stm\libLibraries.a(Ucglib.o) (ucg_SetFontMode)
E:\STM32\version2\drivers\inc\inc\lib_stm\libLibraries.a(ucg_init.o)
                              E:\STM32\version2\drivers\inc\inc\lib_stm\libLibraries.a(Ucglib.o) (ucg_Init)
E:\STM32\version2\drivers\inc\inc\lib_stm\libLibraries.a(ucg_line.o)
                              E:\STM32\version2\drivers\inc\inc\lib_stm\libLibraries.a(ucg_font.o) (ucg_Draw90Line)
E:\STM32\version2\drivers\inc\inc\lib_stm\libLibraries.a(ucg_pixel.o)
                              ./Src/main.o (ucg_SetColor)
E:\STM32\version2\drivers\inc\inc\lib_stm\libLibraries.a(ucg_pixel_font_data.o)
                              ./Src/main.o (ucg_font_ncenR10_hf)
E:\STM32\version2\drivers\inc\inc\lib_stm\libLibraries.a(ucg_rotate.o)
                              ./Src/main.o (ucg_SetRotate180)
E:\STM32\version2\drivers\inc\inc\lib_stm\libLibraries.a(buff.o)
                              E:\STM32\version2\drivers\inc\inc\lib_stm\libLibraries.a(serial.o) (bufInit)
E:\STM32\version2\drivers\inc\inc\lib_stm\libLibraries.a(utilities.o)
                              E:\STM32\version2\drivers\inc\inc\lib_stm\libLibraries.a(timer.o) (memsetl)
E:\STM32\version2\drivers\inc\inc\lib_stm\libLibraries.a(misc.o)
                              E:\STM32\version2\drivers\inc\inc\lib_stm\libLibraries.a(serial.o) (NVIC_PriorityGroupConfig)
E:\STM32\version2\drivers\inc\inc\lib_stm\libLibraries.a(stm32f401re_usart.o)
                              E:\STM32\version2\drivers\inc\inc\lib_stm\libLibraries.a(serial.o) (USART_Init)
E:\STM32\version2\drivers\inc\inc\lib_stm\libLibraries.a(ucg_clip.o)
                              E:\STM32\version2\drivers\inc\inc\lib_stm\libLibraries.a(ucg_dev_ic_st7735.o) (ucg_clip_is_pixel_visible)
E:\STM32\version2\drivers\inc\inc\lib_stm\libLibraries.a(ucg_com_msg_api.o)
                              E:\STM32\version2\drivers\inc\inc\lib_stm\libLibraries.a(ucg_dev_ic_st7735.o) (ucg_com_PowerUp)
[...]
Memory Configuration

Name             Origin             Length             Attributes
RAM              0x0000000020000000 0x0000000000018000 xrw
FLASH            0x0000000008000000 0x0000000000080000 xr
*default*        0x0000000000000000 0xffffffffffffffff

Linker script and memory map

LOAD C:/ST/STM32CubeIDE_1.14.1/STM32CubeIDE/plugins/com.st.stm32cube.ide.mcu.externaltools.gnu-tools-for-stm32.11.3.rel1.win32_1.1.100.202309141235/tools/bin/../lib/gcc/arm-none-eabi/11.3.1/thumb/v7e-m+fp/hard/crti.o
LOAD C:/ST/STM32CubeIDE_1.14.1/STM32CubeIDE/plugins/com.st.stm32cube.ide.mcu.externaltools.gnu-tools-for-stm32.11.3.rel1.win32_1.1.100.202309141235/tools/bin/../lib/gcc/arm-none-eabi/11.3.1/thumb/v7e-m+fp/hard/crtbegin.o
LOAD C:/ST/STM32CubeIDE_1.14.1/STM32CubeIDE/plugins/com.st.stm32cube.ide.mcu.externaltools.gnu-tools-for-stm32.11.3.rel1.win32_1.1.100.202309141235/tools/bin/../lib/gcc/arm-none-eabi/11.3.1/../../../../arm-none-eabi/lib/thumb/v7e-m+fp/hard/crt0.o
LOAD ./Src/main.o
LOAD ./Src/syscalls.o
LOAD ./Src/sysmem.o
LOAD ./Startup/startup_stm32f401retx.o
LOAD ./drivers/src/kalman_filter.o
LOAD ./drivers/src/stm32f401re_gpio.o
LOAD ./drivers/src/stm32f401re_rcc.o
LOAD E:\STM32\version2\drivers\inc\inc\lib_stm\libLibraries.a
START GROUP
LOAD C:/ST/STM32CubeIDE_1.14.1/STM32CubeIDE/plugins/com.st.stm32cube.ide.mcu.externaltools.gnu-tools-for-stm32.11.3.rel1.win32_1.1.100.202309141235/tools/bin/../lib/gcc/arm-none-eabi/11.3.1/../../../../arm-none-eabi/lib/thumb/v7e-m+fp/hard\libc_nano.a
LOAD C:/ST/STM32CubeIDE_1.14.1/STM32CubeIDE/plugins/com.st.stm32cube.ide.mcu.externaltools.gnu-tools-for-stm32.11.3.rel1.win32_1.1.100.202309141235/tools/bin/../lib/gcc/arm-none-eabi/11.3.1/../../../../arm-none-eabi/lib/thumb/v7e-m+fp/hard\libm.a
END GROUP
START GROUP
LOAD C:/ST/STM32CubeIDE_1.14.1/STM32CubeIDE/plugins/com.st.stm32cube.ide.mcu.externaltools.gnu-tools-for-stm32.11.3.rel1.win32_1.1.100.202309141235/tools/bin/../lib/gcc/arm-none-eabi/11.3.1/thumb/v7e-m+fp/hard\libgcc.a
LOAD C:/ST/STM32CubeIDE_1.14.1/STM32CubeIDE/plugins/com.st.stm32cube.ide.mcu.externaltools.gnu-tools-for-stm32.11.3.rel1.win32_1.1.100.202309141235/tools/bin/../lib/gcc/arm-none-eabi/11.3.1/../../../../arm-none-eabi/lib/thumb/v7e-m+fp/hard\libc_nano.a
END GROUP
START GROUP
LOAD C:/ST/STM32CubeIDE_1.14.1/STM32CubeIDE/plugins/com.st.stm32cube.ide.mcu.externaltools.gnu-tools-for-stm32.11.3.rel1.win32_1.1.100.202309141235/tools/bin/../lib/gcc/arm-none-eabi/11.3.1/thumb/v7e-m+fp/hard\libgcc.a
LOAD C:/ST/STM32CubeIDE_1.14.1/STM32CubeIDE/plugins/com.st.stm32cube.ide.mcu.externaltools.gnu-tools-for-stm32.11.3.rel1.win32_1.1.100.202309141235/tools/bin/../lib/gcc/arm-none-eabi/11.3.1/../../../../arm-none-eabi/lib/thumb/v7e-m+fp/hard\libc_nano.a
LOAD C:/ST/STM32CubeIDE_1.14.1/STM32CubeIDE/plugins/com.st.stm32cube.ide.mcu.externaltools.gnu-tools-for-stm32.11.3.rel1.win32_1.1.100.202309141235/tools/bin/../lib/gcc/arm-none-eabi/11.3.1/../../../../arm-none-eabi/lib/thumb/v7e-m+fp/hard\libnosys.a
END GROUP
START GROUP
LOAD C:/ST/STM32CubeIDE_1.14.1/STM32CubeIDE/plugins/com.st.stm32cube.ide.mcu.externaltools.gnu-tools-for-stm32.11.3.rel1.win32_1.1.100.202309141235/tools/bin/../lib/gcc/arm-none-eabi/11.3.1/thumb/v7e-m+fp/hard\libgcc.a
LOAD C:/ST/STM32CubeIDE_1.14.1/STM32CubeIDE/plugins/com.st.stm32cube.ide.mcu.externaltools.gnu-tools-for-stm32.11.3.rel1.win32_1.1.100.202309141235/tools/bin/../lib/gcc/arm-none-eabi/11.3.1/../../../../arm-none-eabi/lib/thumb/v7e-m+fp/hard\libc_nano.a
LOAD C:/ST/STM32CubeIDE_1.14.1/STM32CubeIDE/plugins/com.st.stm32cube.ide.mcu.externaltools.gnu-tools-for-stm32.11.3.rel1.win32_1.1.100.202309141235/tools/bin/../lib/gcc/arm-none-eabi/11.3.1/../../../../arm-none-eabi/lib/thumb/v7e-m+fp/hard\libnosys.a
END GROUP
LOAD C:/ST/STM32CubeIDE_1.14.1/STM32CubeIDE/plugins/com.st.stm32cube.ide.mcu.externaltools.gnu-tools-for-stm32.11.3.rel1.win32_1.1.100.202309141235/tools/bin/../lib/gcc/arm-none-eabi/11.3.1/thumb/v7e-m+fp/hard/crtend.o
LOAD C:/ST/STM32CubeIDE_1.14.1/STM32CubeIDE/plugins/com.st.stm32cube.ide.mcu.externaltools.gnu-tools-for-stm32.11.3.rel1.win32_1.1.100.202309141235/tools/bin/../lib/gcc/arm-none-eabi/11.3.1/thumb/v7e-m+fp/hard/crtn.o
                0x0000000020018000                _estack = (ORIGIN (RAM) + LENGTH (RAM))
                0x0000000000000200                _Min_Heap_Size = 0x200
                0x0000000000000400                _Min_Stack_Size = 0x400

.isr_vector     0x0000000008000000      0x194
                0x0000000008000000                . = ALIGN (0x4)
 *(.isr_vector)
 .isr_vector    0x0000000008000000      0x194 ./Startup/startup_stm32f401retx.o
                0x0000000008000000                g_pfnVectors
                0x0000000008000194                . = ALIGN (0x4)

.text           0x00000000080001a0     0x4b34
                0x00000000080001a0                . = ALIGN (0x4)
 *(.text)
 .text          0x00000000080001a0       0x40 C:/ST/STM32CubeIDE_1.14.1/STM32CubeIDE/plugins/com.st.stm32cube.ide.mcu.externaltools.gnu-tools-for-stm32.11.3.rel1.win32_1.1.100.202309141235/tools/bin/../lib/gcc/arm-none-eabi/11.3.1/thumb/v7e-m+fp/hard/crtbegin.o
 .text          0x00000000080001e0       0xa0 C:/ST/STM32CubeIDE_1.14.1/STM32CubeIDE/plugins/com.st.stm32cube.ide.mcu.externaltools.gnu-tools-for-stm32.11.3.rel1.win32_1.1.100.202309141235/tools/bin/../lib/gcc/arm-none-eabi/11.3.1/../../../../arm-none-eabi/lib/thumb/v7e-m+fp/hard\libc_nano.a(libc_a-memchr.o)
                0x00000000080001e0                memchr
 *(.text*)
 .text.Led_Init_red1
                0x0000000008000280       0x38 ./Src/main.o
 .text.Led_Init_red2
                0x00000000080002b8       0x3c ./Src/main.o
 .text.Led_Init_blue1
                0x00000000080002f4       0x38 ./Src/main.o
 .text.Led_Init_blue2
                0x000000000800032c       0x3c ./Src/main.o
 .text.Button_Init
                0x0000000008000368       0x34 ./Src/main.o
 .text.Button_Init_b3
                0x000000000800039c       0x34 ./Src/main.o
 .text.Button_Init_b4
                0x00000000080003d0       0x34 ./Src/main.o
 .text.Buzzer_Init
                0x0000000008000404       0x3c ./Src/main.o
 .text.LEDControl_SetStatus
                0x0000000008000440       0x60 ./Src/main.o
 .text.ButtonRead_Status
                0x00000000080004a0       0x2e ./Src/main.o
 .text.BuzzerControl_SetStatus
                0x00000000080004ce       0x60 ./Src/main.o
 *fill*         0x000000000800052e        0x2 
 .text.main     0x0000000008000530      0x11c ./Src/main.o
                0x0000000008000530                main
 .text.delay_ms
                0x000000000800064c       0x30 ./Src/main.o
                0x000000000800064c                delay_ms
 .text.CalculatorTime
                0x000000000800067c       0x34 ./Src/main.o
                0x000000000800067c                CalculatorTime
 .text.AppCommon
                0x00000000080006b0       0x7c ./Src/main.o
 .text.SPI1_Init
                0x000000000800072c       0x60 ./Src/main.o
 .text.I2C_Init_temphumi
                0x000000000800078c       0x94 ./Src/main.o
 .text.I2C_start
                0x0000000008000820       0x3c ./Src/main.o
                0x0000000008000820                I2C_start
 .text.I2C_address_direction
                0x000000000800085c       0x60 ./Src/main.o
                0x000000000800085c                I2C_address_direction
 .text.I2C_transmit
                0x00000000080008bc       0x38 ./Src/main.o
                0x00000000080008bc                I2C_transmit
 .text.I2C_stop
                0x00000000080008f4       0x14 ./Src/main.o
                0x00000000080008f4                I2C_stop
 .text.I2C_receive_nack
                0x0000000008000908       0x30 ./Src/main.o
                0x0000000008000908                I2C_receive_nack
 .text.I2C_receive_ack
                0x0000000008000938       0x30 ./Src/main.o
                0x0000000008000938                I2C_receive_ack
 .text.TemHumSensor_readRegister
                0x0000000008000968       0xba ./Src/main.o
 *fill*         0x0000000008000a22        0x2 
 .text.GetTemp_Sensor
                0x0000000008000a24       0x64 ./Src/main.o
                0x0000000008000a24                GetTemp_Sensor
 .text.GetHumi_Sensor
                0x0000000008000a88       0x64 ./Src/main.o
                0x0000000008000a88                GetHumi_Sensor
 .text.processGetValueSensor
                0x0000000008000aec      0x1a4 ./Src/main.o
                0x0000000008000aec                processGetValueSensor
 .text.Scan_SensorLCD
                0x0000000008000c90       0x8c ./Src/main.o
                0x0000000008000c90                Scan_SensorLCD
 .text.Scan_TimeSensor
                0x0000000008000d1c       0x48 ./Src/main.o
                0x0000000008000d1c                Scan_TimeSensor
 .text._sbrk    0x0000000008000d64       0x6c ./Src/sysmem.o
                0x0000000008000d64                _sbrk
 .text.Reset_Handler
                0x0000000008000dd0       0x50 ./Startup/startup_stm32f401retx.o
                0x0000000008000dd0                Reset_Handler
 .text.Default_Handler
                0x0000000008000e20        0x2 ./Startup/startup_stm32f401retx.o
                0x0000000008000e20                EXTI2_IRQHandler
                0x0000000008000e20                DebugMon_Handler
                0x0000000008000e20                SPI4_IRQHandler
                0x0000000008000e20                TIM1_CC_IRQHandler
                0x0000000008000e20                DMA2_Stream5_IRQHandler
                0x0000000008000e20                HardFault_Handler
                0x0000000008000e20                DMA1_Stream5_IRQHandler
                0x0000000008000e20                SDIO_IRQHandler
                0x0000000008000e20                TAMP_STAMP_IRQHandler
                0x0000000008000e20                PendSV_Handler
                0x0000000008000e20                NMI_Handler
                0x0000000008000e20                EXTI3_IRQHandler
                0x0000000008000e20                TIM1_UP_TIM10_IRQHandler
                0x0000000008000e20                I2C3_ER_IRQHandler
                0x0000000008000e20                EXTI18_OTG_FS_WKUP_IRQHandler
                0x0000000008000e20                EXTI0_IRQHandler
                0x0000000008000e20                I2C2_EV_IRQHandler
                0x0000000008000e20                DMA1_Stream2_IRQHandler
                0x0000000008000e20                UsageFault_Handler
                0x0000000008000e20                DMA2_Stream2_IRQHandler
                0x0000000008000e20                SPI1_IRQHandler
                0x0000000008000e20                TIM1_BRK_TIM9_IRQHandler
                0x0000000008000e20                DMA2_Stream3_IRQHandler
                0x0000000008000e20                USART6_IRQHandler
                0x0000000008000e20                DMA2_Stream0_IRQHandler
                0x0000000008000e20                TIM4_IRQHandler
                0x0000000008000e20                I2C1_EV_IRQHandler
                0x0000000008000e20                DMA1_Stream6_IRQHandler
                0x0000000008000e20                DMA1_Stream1_IRQHandler
                0x0000000008000e20                TIM3_IRQHandler
                0x0000000008000e20                RCC_IRQHandler
                0x0000000008000e20                Default_Handler
                0x0000000008000e20                EXTI15_10_IRQHandler
                0x0000000008000e20                ADC_IRQHandler
                0x0000000008000e20                DMA1_Stream7_IRQHandler
                0x0000000008000e20                TIM5_IRQHandler
                0x0000000008000e20                DMA2_Stream7_IRQHandler
                0x0000000008000e20                I2C3_EV_IRQHandler
                0x0000000008000e20                EXTI9_5_IRQHandler
                0x0000000008000e20                SPI2_IRQHandler
                0x0000000008000e20                MemManage_Handler
                0x0000000008000e20                DMA1_Stream0_IRQHandler
                0x0000000008000e20                SVC_Handler
                0x0000000008000e20                EXTI4_IRQHandler
                0x0000000008000e20                EXTI22_RTC_WKUP_IRQHandler
                0x0000000008000e20                TIM2_IRQHandler
                0x0000000008000e20                EXTI16_PVD_IRQHandler
                0x0000000008000e20                TIM1_TRG_COM_TIM11_IRQHandler
                0x0000000008000e20                EXTI1_IRQHandler
                0x0000000008000e20                EXTI17_RTC_Alarm_IRQHandler
                0x0000000008000e20                I2C2_ER_IRQHandler
                0x0000000008000e20                DMA2_Stream1_IRQHandler
                0x0000000008000e20                FLASH_IRQHandler
                0x0000000008000e20                DMA2_Stream4_IRQHandler
                0x0000000008000e20                BusFault_Handler
                0x0000000008000e20                USART1_IRQHandler
                0x0000000008000e20                OTG_FS_IRQHandler
                0x0000000008000e20                SPI3_IRQHandler
                0x0000000008000e20                DMA1_Stream4_IRQHandler
                0x0000000008000e20                I2C1_ER_IRQHandler
                0x0000000008000e20                DMA2_Stream6_IRQHandler
                0x0000000008000e20                DMA1_Stream3_IRQHandler
 *fill*         0x0000000008000e22        0x2 
 .text.SystemInit
                0x0000000008000e24       0x6c E:\STM32\version2\drivers\inc\inc\lib_stm\libLibraries.a(system_stm32f4xx.o)
                0x0000000008000e24                SystemInit
 .text.SystemCoreClockUpdate
                0x0000000008000e90       0xf8 E:\STM32\version2\drivers\inc\inc\lib_stm\libLibraries.a(system_stm32f4xx.o)
                0x0000000008000e90                SystemCoreClockUpdate
 .text.SetSysClock
                0x0000000008000f88       0xa0 E:\STM32\version2\drivers\inc\inc\lib_stm\libLibraries.a(system_stm32f4xx.o)
 .text.GPIO_Init
                0x0000000008001028      0x11c E:\STM32\version2\drivers\inc\inc\lib_stm\libLibraries.a(stm32f401re_gpio.o)
                0x0000000008001028                GPIO_Init
 .text.GPIO_WriteBit
                0x0000000008001144       0x30 E:\STM32\version2\drivers\inc\inc\lib_stm\libLibraries.a(stm32f401re_gpio.o)
                0x0000000008001144                GPIO_WriteBit
 .text.GPIO_PinAFConfig
                0x0000000008001174       0x92 E:\STM32\version2\drivers\inc\inc\lib_stm\libLibraries.a(stm32f401re_gpio.o)
                0x0000000008001174                GPIO_PinAFConfig
 *fill*         0x0000000008001206        0x2 
 .text.I2C_Init
                0x0000000008001208      0x184 E:\STM32\version2\drivers\inc\inc\lib_stm\libLibraries.a(stm32f401re_i2c.o)
                0x0000000008001208                I2C_Init
 .text.I2C_Cmd  0x000000000800138c       0x40 E:\STM32\version2\drivers\inc\inc\lib_stm\libLibraries.a(stm32f401re_i2c.o)
                0x000000000800138c                I2C_Cmd
 .text.I2C_GenerateSTART
                0x00000000080013cc       0x40 E:\STM32\version2\drivers\inc\inc\lib_stm\libLibraries.a(stm32f401re_i2c.o)
                0x00000000080013cc                I2C_GenerateSTART
 .text.I2C_GenerateSTOP
                0x000000000800140c       0x40 E:\STM32\version2\drivers\inc\inc\lib_stm\libLibraries.a(stm32f401re_i2c.o)
                0x000000000800140c                I2C_GenerateSTOP
 .text.I2C_Send7bitAddress
                0x000000000800144c       0x3c E:\STM32\version2\drivers\inc\inc\lib_stm\libLibraries.a(stm32f401re_i2c.o)
                0x000000000800144c                I2C_Send7bitAddress
 .text.I2C_AcknowledgeConfig
                0x0000000008001488       0x40 E:\STM32\version2\drivers\inc\inc\lib_stm\libLibraries.a(stm32f401re_i2c.o)
                0x0000000008001488                I2C_AcknowledgeConfig
 .text.I2C_SendData
                0x00000000080014c8       0x20 E:\STM32\version2\drivers\inc\inc\lib_stm\libLibraries.a(stm32f401re_i2c.o)
                0x00000000080014c8                I2C_SendData
 .text.I2C_ReceiveData
                0x00000000080014e8       0x1c E:\STM32\version2\drivers\inc\inc\lib_stm\libLibraries.a(stm32f401re_i2c.o)
                0x00000000080014e8                I2C_ReceiveData
 .text.I2C_CheckEvent
                0x0000000008001504       0x60 E:\STM32\version2\drivers\inc\inc\lib_stm\libLibraries.a(stm32f401re_i2c.o)
                0x0000000008001504                I2C_CheckEvent
 .text.I2C_GetFlagStatus
                0x0000000008001564       0x66 E:\STM32\version2\drivers\inc\inc\lib_stm\libLibraries.a(stm32f401re_i2c.o)
                0x0000000008001564                I2C_GetFlagStatus
 *fill*         0x00000000080015ca        0x2 
 .text.RCC_GetClocksFreq
                0x00000000080015cc      0x150 E:\STM32\version2\drivers\inc\inc\lib_stm\libLibraries.a(stm32f401re_rcc.o)
                0x00000000080015cc                RCC_GetClocksFreq
 .text.RCC_AHB1PeriphClockCmd
                0x000000000800171c       0x40 E:\STM32\version2\drivers\inc\inc\lib_stm\libLibraries.a(stm32f401re_rcc.o)
                0x000000000800171c                RCC_AHB1PeriphClockCmd
 .text.RCC_APB1PeriphClockCmd
                0x000000000800175c       0x40 E:\STM32\version2\drivers\inc\inc\lib_stm\libLibraries.a(stm32f401re_rcc.o)
                0x000000000800175c                RCC_APB1PeriphClockCmd
 .text.NVIC_SetPriority
                0x000000000800179c       0x54 E:\STM32\version2\drivers\inc\inc\lib_stm\libLibraries.a(timer.o)
 .text.SysTick_Config
                0x00000000080017f0       0x44 E:\STM32\version2\drivers\inc\inc\lib_stm\libLibraries.a(timer.o)
 .text.TimerInit
                0x0000000008001834       0x44 E:\STM32\version2\drivers\inc\inc\lib_stm\libLibraries.a(timer.o)
                0x0000000008001834                TimerInit
 .text.TimerStart
                0x0000000008001878       0xc4 E:\STM32\version2\drivers\inc\inc\lib_stm\libLibraries.a(timer.o)
                0x0000000008001878                TimerStart
 .text.TimerStop
                0x000000000800193c       0xa0 E:\STM32\version2\drivers\inc\inc\lib_stm\libLibraries.a(timer.o)
                0x000000000800193c                TimerStop
 .text.GetMilSecTick
                0x00000000080019dc       0x18 E:\STM32\version2\drivers\inc\inc\lib_stm\libLibraries.a(timer.o)
                0x00000000080019dc                GetMilSecTick
 .text.processTimerScheduler
                0x00000000080019f4       0xf0 E:\STM32\version2\drivers\inc\inc\lib_stm\libLibraries.a(timer.o)
                0x00000000080019f4                processTimerScheduler
 .text.TimeExpired
                0x0000000008001ae4       0xcc E:\STM32\version2\drivers\inc\inc\lib_stm\libLibraries.a(timer.o)
 .text.SysTick_Handler
                0x0000000008001bb0       0x1c E:\STM32\version2\drivers\inc\inc\lib_stm\libLibraries.a(timer.o)
                0x0000000008001bb0                SysTick_Handler
 .text.TemHumSensor_Init
                0x0000000008001bcc        0xc E:\STM32\version2\drivers\inc\inc\lib_stm\libLibraries.a(temhumsensor.o)
                0x0000000008001bcc                TemHumSensor_Init
 .text.i2c_config
                0x0000000008001bd8       0x94 E:\STM32\version2\drivers\inc\inc\lib_stm\libLibraries.a(temhumsensor.o)
                0x0000000008001bd8                i2c_config
 .text.USART2_IRQHandler
                0x0000000008001c6c       0x50 E:\STM32\version2\drivers\inc\inc\lib_stm\libLibraries.a(serial.o)
                0x0000000008001c6c                USART2_IRQHandler
 .text.delayMicroseconds
                0x0000000008001cbc       0x14 E:\STM32\version2\drivers\inc\inc\lib_stm\libLibraries.a(Ucglib.o)
 .text.ucg_gpio_init
                0x0000000008001cd0       0x60 E:\STM32\version2\drivers\inc\inc\lib_stm\libLibraries.a(Ucglib.o)
 .text.ucg_com_arduino_send_generic_SW_SPI
                0x0000000008001d30       0x74 E:\STM32\version2\drivers\inc\inc\lib_stm\libLibraries.a(Ucglib.o)
 .text.ucg_com_arduino_generic_SW_SPI
                0x0000000008001da4      0x1ec E:\STM32\version2\drivers\inc\inc\lib_stm\libLibraries.a(Ucglib.o)
 .text.Ucglib4WireSWSPI_begin
                0x0000000008001f90       0x38 E:\STM32\version2\drivers\inc\inc\lib_stm\libLibraries.a(Ucglib.o)
                0x0000000008001f90                Ucglib4WireSWSPI_begin
 .text.ucg_DrawBox
                0x0000000008001fc8       0x56 E:\STM32\version2\drivers\inc\inc\lib_stm\libLibraries.a(ucg_box.o)
                0x0000000008001fc8                ucg_DrawBox
 .text.ucg_ClearScreen
                0x000000000800201e       0x50 E:\STM32\version2\drivers\inc\inc\lib_stm\libLibraries.a(ucg_box.o)
                0x000000000800201e                ucg_ClearScreen
 .text.ucg_ccs_init
                0x000000000800206e       0xc0 E:\STM32\version2\drivers\inc\inc\lib_stm\libLibraries.a(ucg_ccs.o)
                0x000000000800206e                ucg_ccs_init
 .text.ucg_ccs_step
                0x000000000800212e       0x80 E:\STM32\version2\drivers\inc\inc\lib_stm\libLibraries.a(ucg_ccs.o)
                0x000000000800212e                ucg_ccs_step
 .text.ucg_ccs_seek
                0x00000000080021ae       0xca E:\STM32\version2\drivers\inc\inc\lib_stm\libLibraries.a(ucg_ccs.o)
                0x00000000080021ae                ucg_ccs_seek
 .text.ucg_dev_default_cb
                0x0000000008002278       0x44 E:\STM32\version2\drivers\inc\inc\lib_stm\libLibraries.a(ucg_dev_default_cb.o)
                0x0000000008002278                ucg_dev_default_cb
 .text.ucg_ext_none
                0x00000000080022bc       0x1c E:\STM32\version2\drivers\inc\inc\lib_stm\libLibraries.a(ucg_dev_default_cb.o)
                0x00000000080022bc                ucg_ext_none
 .text.ucg_handle_st7735_l90fx
                0x00000000080022d8       0xd8 E:\STM32\version2\drivers\inc\inc\lib_stm\libLibraries.a(ucg_dev_ic_st7735.o)
                0x00000000080022d8                ucg_handle_st7735_l90fx
 .text.ucg_handle_st7735_l90se
                0x00000000080023b0      0x154 E:\STM32\version2\drivers\inc\inc\lib_stm\libLibraries.a(ucg_dev_ic_st7735.o)
                0x00000000080023b0                ucg_handle_st7735_l90se
 .text.ucg_dev_ic_st7735_18
                0x0000000008002504       0xf8 E:\STM32\version2\drivers\inc\inc\lib_stm\libLibraries.a(ucg_dev_ic_st7735.o)
                0x0000000008002504                ucg_dev_ic_st7735_18
 .text.ucg_ext_st7735_18
                0x00000000080025fc       0x28 E:\STM32\version2\drivers\inc\inc\lib_stm\libLibraries.a(ucg_dev_ic_st7735.o)
                0x00000000080025fc                ucg_ext_st7735_18
 .text.ucg_PowerDown
                0x0000000008002624       0x34 E:\STM32\version2\drivers\inc\inc\lib_stm\libLibraries.a(ucg_dev_msg_api.o)
                0x0000000008002624                ucg_PowerDown
 .text.ucg_PowerUp
                0x0000000008002658       0x3c E:\STM32\version2\drivers\inc\inc\lib_stm\libLibraries.a(ucg_dev_msg_api.o)
                0x0000000008002658                ucg_PowerUp
 .text.ucg_SetClipBox
                0x0000000008002694       0x1e E:\STM32\version2\drivers\inc\inc\lib_stm\libLibraries.a(ucg_dev_msg_api.o)
                0x0000000008002694                ucg_SetClipBox
 .text.ucg_SetMaxClipRange
                0x00000000080026b2       0x30 E:\STM32\version2\drivers\inc\inc\lib_stm\libLibraries.a(ucg_dev_msg_api.o)
                0x00000000080026b2                ucg_SetMaxClipRange
 .text.ucg_GetDimension
                0x00000000080026e2       0x24 E:\STM32\version2\drivers\inc\inc\lib_stm\libLibraries.a(ucg_dev_msg_api.o)
                0x00000000080026e2                ucg_GetDimension
 .text.ucg_DrawL90FXWithArg
                0x0000000008002706       0x1e E:\STM32\version2\drivers\inc\inc\lib_stm\libLibraries.a(ucg_dev_msg_api.o)
                0x0000000008002706                ucg_DrawL90FXWithArg
 .text.ucg_dev_st7735_18x128x128
                0x0000000008002724       0x80 E:\STM32\version2\drivers\inc\inc\lib_stm\libLibraries.a(ucg_dev_tft_128x128_st7735.o)
                0x0000000008002724                ucg_dev_st7735_18x128x128
 .text.ucg_font_get_byte
                0x00000000080027a4       0x24 E:\STM32\version2\drivers\inc\inc\lib_stm\libLibraries.a(ucg_font.o)
 .text.ucg_font_get_word
                0x00000000080027c8       0x40 E:\STM32\version2\drivers\inc\inc\lib_stm\libLibraries.a(ucg_font.o)
 .text.ucg_read_font_info
                0x0000000008002808      0x142 E:\STM32\version2\drivers\inc\inc\lib_stm\libLibraries.a(ucg_font.o)
                0x0000000008002808                ucg_read_font_info
 .text.ucg_font_decode_get_unsigned_bits
                0x000000000800294a       0x96 E:\STM32\version2\drivers\inc\inc\lib_stm\libLibraries.a(ucg_font.o)
                0x000000000800294a                ucg_font_decode_get_unsigned_bits
 .text.ucg_font_decode_get_signed_bits
                0x00000000080029e0       0x46 E:\STM32\version2\drivers\inc\inc\lib_stm\libLibraries.a(ucg_font.o)
                0x00000000080029e0                ucg_font_decode_get_signed_bits
 .text.ucg_add_vector_y
                0x0000000008002a26       0x7a E:\STM32\version2\drivers\inc\inc\lib_stm\libLibraries.a(ucg_font.o)
 .text.ucg_add_vector_x
                0x0000000008002aa0       0x7a E:\STM32\version2\drivers\inc\inc\lib_stm\libLibraries.a(ucg_font.o)
 .text.ucg_font_decode_len
                0x0000000008002b1a      0x118 E:\STM32\version2\drivers\inc\inc\lib_stm\libLibraries.a(ucg_font.o)
                0x0000000008002b1a                ucg_font_decode_len
 .text.ucg_font_setup_decode
                0x0000000008002c32       0x64 E:\STM32\version2\drivers\inc\inc\lib_stm\libLibraries.a(ucg_font.o)
 .text.ucg_font_decode_glyph
                0x0000000008002c96      0x14c E:\STM32\version2\drivers\inc\inc\lib_stm\libLibraries.a(ucg_font.o)
                0x0000000008002c96                ucg_font_decode_glyph
 .text.ucg_font_get_glyph_data
                0x0000000008002de2       0x7a E:\STM32\version2\drivers\inc\inc\lib_stm\libLibraries.a(ucg_font.o)
                0x0000000008002de2                ucg_font_get_glyph_data
 .text.ucg_font_draw_glyph
                0x0000000008002e5c       0x62 E:\STM32\version2\drivers\inc\inc\lib_stm\libLibraries.a(ucg_font.o)
                0x0000000008002e5c                ucg_font_draw_glyph
 .text.ucg_SetFontMode
                0x0000000008002ebe       0x20 E:\STM32\version2\drivers\inc\inc\lib_stm\libLibraries.a(ucg_font.o)
                0x0000000008002ebe                ucg_SetFontMode
 *fill*         0x0000000008002ede        0x2 
 .text.ucg_DrawGlyph
                0x0000000008002ee0       0xb0 E:\STM32\version2\drivers\inc\inc\lib_stm\libLibraries.a(ucg_font.o)
                0x0000000008002ee0                ucg_DrawGlyph
 .text.task_drawString
                0x0000000008002f90      0x138 E:\STM32\version2\drivers\inc\inc\lib_stm\libLibraries.a(ucg_font.o)
                0x0000000008002f90                task_drawString
 .text.ucg_DrawString
                0x00000000080030c8       0x78 E:\STM32\version2\drivers\inc\inc\lib_stm\libLibraries.a(ucg_font.o)
                0x00000000080030c8                ucg_DrawString
 .text.ucg_UpdateRefHeight
                0x0000000008003140       0xd8 E:\STM32\version2\drivers\inc\inc\lib_stm\libLibraries.a(ucg_font.o)
                0x0000000008003140                ucg_UpdateRefHeight
 .text.ucg_font_calc_vref_font
                0x0000000008003218       0x16 E:\STM32\version2\drivers\inc\inc\lib_stm\libLibraries.a(ucg_font.o)
                0x0000000008003218                ucg_font_calc_vref_font
 *fill*         0x000000000800322e        0x2 
 .text.ucg_SetFontPosBaseline
                0x0000000008003230       0x20 E:\STM32\version2\drivers\inc\inc\lib_stm\libLibraries.a(ucg_font.o)
                0x0000000008003230                ucg_SetFontPosBaseline
 .text.ucg_SetFont
                0x0000000008003250       0x4c E:\STM32\version2\drivers\inc\inc\lib_stm\libLibraries.a(ucg_font.o)
                0x0000000008003250                ucg_SetFont
 .text.ucg_init_struct
                0x000000000800329c       0x50 E:\STM32\version2\drivers\inc\inc\lib_stm\libLibraries.a(ucg_init.o)
                0x000000000800329c                ucg_init_struct
 .text.ucg_Init
                0x00000000080032ec       0x5c E:\STM32\version2\drivers\inc\inc\lib_stm\libLibraries.a(ucg_init.o)
                0x00000000080032ec                ucg_Init
 .text.ucg_Draw90Line
                0x0000000008003348       0x88 E:\STM32\version2\drivers\inc\inc\lib_stm\libLibraries.a(ucg_line.o)
                0x0000000008003348                ucg_Draw90Line
 .text.ucg_DrawHLine
                0x00000000080033d0       0x3e E:\STM32\version2\drivers\inc\inc\lib_stm\libLibraries.a(ucg_line.o)
                0x00000000080033d0                ucg_DrawHLine
 .text.ucg_SetColor
                0x000000000800340e       0x5c E:\STM32\version2\drivers\inc\inc\lib_stm\libLibraries.a(ucg_pixel.o)
                0x000000000800340e                ucg_SetColor
 .text.ucg_UndoRotate
                0x000000000800346a       0x32 E:\STM32\version2\drivers\inc\inc\lib_stm\libLibraries.a(ucg_rotate.o)
                0x000000000800346a                ucg_UndoRotate
 .text.ucg_rotate_180_xy
                0x000000000800349c       0x66 E:\STM32\version2\drivers\inc\inc\lib_stm\libLibraries.a(ucg_rotate.o)
 *fill*         0x0000000008003502        0x2 
 .text.ucg_dev_rotate180
                0x0000000008003504      0x100 E:\STM32\version2\drivers\inc\inc\lib_stm\libLibraries.a(ucg_rotate.o)
                0x0000000008003504                ucg_dev_rotate180
 .text.ucg_SetRotate180
                0x0000000008003604       0x34 E:\STM32\version2\drivers\inc\inc\lib_stm\libLibraries.a(ucg_rotate.o)
                0x0000000008003604                ucg_SetRotate180
 .text.bufInit  0x0000000008003638       0x36 E:\STM32\version2\drivers\inc\inc\lib_stm\libLibraries.a(buff.o)
                0x0000000008003638                bufInit
 .text.bufNumItems
                0x000000000800366e       0x18 E:\STM32\version2\drivers\inc\inc\lib_stm\libLibraries.a(buff.o)
                0x000000000800366e                bufNumItems
 .text.bufIsFull
                0x0000000008003686       0x26 E:\STM32\version2\drivers\inc\inc\lib_stm\libLibraries.a(buff.o)
                0x0000000008003686                bufIsFull
 .text.bufIsEmpty
                0x00000000080036ac       0x26 E:\STM32\version2\drivers\inc\inc\lib_stm\libLibraries.a(buff.o)
                0x00000000080036ac                bufIsEmpty
 .text.bufFlush
                0x00000000080036d2       0x32 E:\STM32\version2\drivers\inc\inc\lib_stm\libLibraries.a(buff.o)
                0x00000000080036d2                bufFlush
 .text.bufEnDat
                0x0000000008003704       0x9c E:\STM32\version2\drivers\inc\inc\lib_stm\libLibraries.a(buff.o)
                0x0000000008003704                bufEnDat
 .text.bufDeDat
                0x00000000080037a0       0x84 E:\STM32\version2\drivers\inc\inc\lib_stm\libLibraries.a(buff.o)
                0x00000000080037a0                bufDeDat
 .text.memsetl  0x0000000008003824       0x32 E:\STM32\version2\drivers\inc\inc\lib_stm\libLibraries.a(utilities.o)
                0x0000000008003824                memsetl
 .text.USART_ReceiveData
                0x0000000008003856       0x20 E:\STM32\version2\drivers\inc\inc\lib_stm\libLibraries.a(stm32f401re_usart.o)
                0x0000000008003856                USART_ReceiveData
 .text.USART_GetITStatus
                0x0000000008003876       0xb6 E:\STM32\version2\drivers\inc\inc\lib_stm\libLibraries.a(stm32f401re_usart.o)
                0x0000000008003876                USART_GetITStatus
 .text.USART_ClearITPendingBit
                0x000000000800392c       0x3a E:\STM32\version2\drivers\inc\inc\lib_stm\libLibraries.a(stm32f401re_usart.o)
                0x000000000800392c                USART_ClearITPendingBit
 .text.ucg_clip_is_x_visible
                0x0000000008003966       0x4a E:\STM32\version2\drivers\inc\inc\lib_stm\libLibraries.a(ucg_clip.o)
 .text.ucg_clip_is_y_visible
                0x00000000080039b0       0x4a E:\STM32\version2\drivers\inc\inc\lib_stm\libLibraries.a(ucg_clip.o)
 .text.ucg_clip_intersection
                0x00000000080039fa       0x74 E:\STM32\version2\drivers\inc\inc\lib_stm\libLibraries.a(ucg_clip.o)
 .text.ucg_clip_is_pixel_visible
                0x0000000008003a6e       0x32 E:\STM32\version2\drivers\inc\inc\lib_stm\libLibraries.a(ucg_clip.o)
                0x0000000008003a6e                ucg_clip_is_pixel_visible
 .text.ucg_clip_l90fx
                0x0000000008003aa0      0x300 E:\STM32\version2\drivers\inc\inc\lib_stm\libLibraries.a(ucg_clip.o)
                0x0000000008003aa0                ucg_clip_l90fx
 .text.ucg_clip_l90se
                0x0000000008003da0       0x54 E:\STM32\version2\drivers\inc\inc\lib_stm\libLibraries.a(ucg_clip.o)
                0x0000000008003da0                ucg_clip_l90se
 .text.ucg_com_PowerDown
                0x0000000008003df4       0x3e E:\STM32\version2\drivers\inc\inc\lib_stm\libLibraries.a(ucg_com_msg_api.o)
                0x0000000008003df4                ucg_com_PowerDown
 .text.ucg_com_PowerUp
                0x0000000008003e32       0x60 E:\STM32\version2\drivers\inc\inc\lib_stm\libLibraries.a(ucg_com_msg_api.o)
                0x0000000008003e32                ucg_com_PowerUp
 .text.ucg_com_SetLineStatus
                0x0000000008003e92       0xe2 E:\STM32\version2\drivers\inc\inc\lib_stm\libLibraries.a(ucg_com_msg_api.o)
                0x0000000008003e92                ucg_com_SetLineStatus
 .text.ucg_com_SetResetLineStatus
                0x0000000008003f74       0x20 E:\STM32\version2\drivers\inc\inc\lib_stm\libLibraries.a(ucg_com_msg_api.o)
                0x0000000008003f74                ucg_com_SetResetLineStatus
 .text.ucg_com_SetCSLineStatus
                0x0000000008003f94       0x20 E:\STM32\version2\drivers\inc\inc\lib_stm\libLibraries.a(ucg_com_msg_api.o)
                0x0000000008003f94                ucg_com_SetCSLineStatus
 .text.ucg_com_SetCDLineStatus
                0x0000000008003fb4       0x20 E:\STM32\version2\drivers\inc\inc\lib_stm\libLibraries.a(ucg_com_msg_api.o)
                0x0000000008003fb4                ucg_com_SetCDLineStatus
 .text.ucg_com_DelayMicroseconds
                0x0000000008003fd4       0x22 E:\STM32\version2\drivers\inc\inc\lib_stm\libLibraries.a(ucg_com_msg_api.o)
                0x0000000008003fd4                ucg_com_DelayMicroseconds
 .text.ucg_com_DelayMilliseconds
                0x0000000008003ff6       0x2c E:\STM32\version2\drivers\inc\inc\lib_stm\libLibraries.a(ucg_com_msg_api.o)
                0x0000000008003ff6                ucg_com_DelayMilliseconds
 .text.ucg_com_SendByte
                0x0000000008004022       0x24 E:\STM32\version2\drivers\inc\inc\lib_stm\libLibraries.a(ucg_com_msg_api.o)
                0x0000000008004022                ucg_com_SendByte
 .text.ucg_com_SendStringP
                0x0000000008004046       0x40 E:\STM32\version2\drivers\inc\inc\lib_stm\libLibraries.a(ucg_com_msg_api.o)
                0x0000000008004046                ucg_com_SendStringP
 .text.ucg_com_SendCmdArg
                0x0000000008004086       0x74 E:\STM32\version2\drivers\inc\inc\lib_stm\libLibraries.a(ucg_com_msg_api.o)
 *fill*         0x00000000080040fa        0x2 
 .text.ucg_com_SendCmdSeq
                0x00000000080040fc      0x278 E:\STM32\version2\drivers\inc\inc\lib_stm\libLibraries.a(ucg_com_msg_api.o)
                0x00000000080040fc                ucg_com_SendCmdSeq
 .text.sprintf  0x0000000008004374       0x40 C:/ST/STM32CubeIDE_1.14.1/STM32CubeIDE/plugins/com.st.stm32cube.ide.mcu.externaltools.gnu-tools-for-stm32.11.3.rel1.win32_1.1.100.202309141235/tools/bin/../lib/gcc/arm-none-eabi/11.3.1/../../../../arm-none-eabi/lib/thumb/v7e-m+fp/hard\libc_nano.a(libc_a-sprintf.o)
                0x0000000008004374                siprintf
                0x0000000008004374                sprintf
 .text.memset   0x00000000080043b4       0x10 C:/ST/STM32CubeIDE_1.14.1/STM32CubeIDE/plugins/com.st.stm32cube.ide.mcu.externaltools.gnu-tools-for-stm32.11.3.rel1.win32_1.1.100.202309141235/tools/bin/../lib/gcc/arm-none-eabi/11.3.1/../../../../arm-none-eabi/lib/thumb/v7e-m+fp/hard\libc_nano.a(libc_a-memset.o)
                0x00000000080043b4                memset
 .text.__errno  0x00000000080043c4        0xc C:/ST/STM32CubeIDE_1.14.1/STM32CubeIDE/plugins/com.st.stm32cube.ide.mcu.externaltools.gnu-tools-for-stm32.11.3.rel1.win32_1.1.100.202309141235/tools/bin/../lib/gcc/arm-none-eabi/11.3.1/../../../../arm-none-eabi/lib/thumb/v7e-m+fp/hard\libc_nano.a(libc_a-errno.o)
                0x00000000080043c4                __errno
 .text.__libc_init_array
                0x00000000080043d0       0x48 C:/ST/STM32CubeIDE_1.14.1/STM32CubeIDE/plugins/com.st.stm32cube.ide.mcu.externaltools.gnu-tools-for-stm32.11.3.rel1.win32_1.1.100.202309141235/tools/bin/../lib/gcc/arm-none-eabi/11.3.1/../../../../arm-none-eabi/lib/thumb/v7e-m+fp/hard\libc_nano.a(libc_a-init.o)
                0x00000000080043d0                __libc_init_array
 .text.__retarget_lock_acquire_recursive
                0x0000000008004418        0x2 C:/ST/STM32CubeIDE_1.14.1/STM32CubeIDE/plugins/com.st.stm32cube.ide.mcu.externaltools.gnu-tools-for-stm32.11.3.rel1.win32_1.1.100.202309141235/tools/bin/../lib/gcc/arm-none-eabi/11.3.1/../../../../arm-none-eabi/lib/thumb/v7e-m+fp/hard\libc_nano.a(libc_a-lock.o)
                0x0000000008004418                __retarget_lock_acquire_recursive
 .text.__retarget_lock_release_recursive
                0x000000000800441a        0x2 C:/ST/STM32CubeIDE_1.14.1/STM32CubeIDE/plugins/com.st.stm32cube.ide.mcu.externaltools.gnu-tools-for-stm32.11.3.rel1.win32_1.1.100.202309141235/tools/bin/../lib/gcc/arm-none-eabi/11.3.1/../../../../arm-none-eabi/lib/thumb/v7e-m+fp/hard\libc_nano.a(libc_a-lock.o)
                0x000000000800441a                __retarget_lock_release_recursive
 .text._free_r  0x000000000800441c       0x98 C:/ST/STM32CubeIDE_1.14.1/STM32CubeIDE/plugins/com.st.stm32cube.ide.mcu.externaltools.gnu-tools-for-stm32.11.3.rel1.win32_1.1.100.202309141235/tools/bin/../lib/gcc/arm-none-eabi/11.3.1/../../../../arm-none-eabi/lib/thumb/v7e-m+fp/hard\libc_nano.a(libc_a-freer.o)
                0x000000000800441c                _free_r
 .text.sbrk_aligned
                0x00000000080044b4       0x40 C:/ST/STM32CubeIDE_1.14.1/STM32CubeIDE/plugins/com.st.stm32cube.ide.mcu.externaltools.gnu-tools-for-stm32.11.3.rel1.win32_1.1.100.202309141235/tools/bin/../lib/gcc/arm-none-eabi/11.3.1/../../../../arm-none-eabi/lib/thumb/v7e-m+fp/hard\libc_nano.a(libc_a-mallocr.o)
 .text._malloc_r
                0x00000000080044f4      0x100 C:/ST/STM32CubeIDE_1.14.1/STM32CubeIDE/plugins/com.st.stm32cube.ide.mcu.externaltools.gnu-tools-for-stm32.11.3.rel1.win32_1.1.100.202309141235/tools/bin/../lib/gcc/arm-none-eabi/11.3.1/../../../../arm-none-eabi/lib/thumb/v7e-m+fp/hard\libc_nano.a(libc_a-mallocr.o)
                0x00000000080044f4                _malloc_r
 .text.__malloc_lock
                0x00000000080045f4        0xc C:/ST/STM32CubeIDE_1.14.1/STM32CubeIDE/plugins/com.st.stm32cube.ide.mcu.externaltools.gnu-tools-for-stm32.11.3.rel1.win32_1.1.100.202309141235/tools/bin/../lib/gcc/arm-none-eabi/11.3.1/../../../../arm-none-eabi/lib/thumb/v7e-m+fp/hard\libc_nano.a(libc_a-mlock.o)
                0x00000000080045f4                __malloc_lock
 .text.__malloc_unlock
                0x0000000008004600        0xc C:/ST/STM32CubeIDE_1.14.1/STM32CubeIDE/plugins/com.st.stm32cube.ide.mcu.externaltools.gnu-tools-for-stm32.11.3.rel1.win32_1.1.100.202309141235/tools/bin/../lib/gcc/arm-none-eabi/11.3.1/../../../../arm-none-eabi/lib/thumb/v7e-m+fp/hard\libc_nano.a(libc_a-mlock.o)
                0x0000000008004600                __malloc_unlock
 .text.__ssputs_r
                0x000000000800460c       0xb4 C:/ST/STM32CubeIDE_1.14.1/STM32CubeIDE/plugins/com.st.stm32cube.ide.mcu.externaltools.gnu-tools-for-stm32.11.3.rel1.win32_1.1.100.202309141235/tools/bin/../lib/gcc/arm-none-eabi/11.3.1/../../../../arm-none-eabi/lib/thumb/v7e-m+fp/hard\libc_nano.a(libc_a-nano-svfprintf.o)
                0x000000000800460c                __ssputs_r
 .text._svfprintf_r
                0x00000000080046c0      0x1fc C:/ST/STM32CubeIDE_1.14.1/STM32CubeIDE/plugins/com.st.stm32cube.ide.mcu.externaltools.gnu-tools-for-stm32.11.3.rel1.win32_1.1.100.202309141235/tools/bin/../lib/gcc/arm-none-eabi/11.3.1/../../../../arm-none-eabi/lib/thumb/v7e-m+fp/hard\libc_nano.a(libc_a-nano-svfprintf.o)
                0x00000000080046c0                _svfiprintf_r
                0x00000000080046c0                _svfprintf_r
 .text._printf_common
                0x00000000080048bc       0xda C:/ST/STM32CubeIDE_1.14.1/STM32CubeIDE/plugins/com.st.stm32cube.ide.mcu.externaltools.gnu-tools-for-stm32.11.3.rel1.win32_1.1.100.202309141235/tools/bin/../lib/gcc/arm-none-eabi/11.3.1/../../../../arm-none-eabi/lib/thumb/v7e-m+fp/hard\libc_nano.a(libc_a-nano-vfprintf_i.o)
                0x00000000080048bc                _printf_common
 *fill*         0x0000000008004996        0x2 
 .text._printf_i
                0x0000000008004998      0x244 C:/ST/STM32CubeIDE_1.14.1/STM32CubeIDE/plugins/com.st.stm32cube.ide.mcu.externaltools.gnu-tools-for-stm32.11.3.rel1.win32_1.1.100.202309141235/tools/bin/../lib/gcc/arm-none-eabi/11.3.1/../../../../arm-none-eabi/lib/thumb/v7e-m+fp/hard\libc_nano.a(libc_a-nano-vfprintf_i.o)
                0x0000000008004998                _printf_i
 .text.memmove  0x0000000008004bdc       0x34 C:/ST/STM32CubeIDE_1.14.1/STM32CubeIDE/plugins/com.st.stm32cube.ide.mcu.externaltools.gnu-tools-for-stm32.11.3.rel1.win32_1.1.100.202309141235/tools/bin/../lib/gcc/arm-none-eabi/11.3.1/../../../../arm-none-eabi/lib/thumb/v7e-m+fp/hard\libc_nano.a(libc_a-memmove.o)
                0x0000000008004bdc                memmove
 .text._sbrk_r  0x0000000008004c10       0x20 C:/ST/STM32CubeIDE_1.14.1/STM32CubeIDE/plugins/com.st.stm32cube.ide.mcu.externaltools.gnu-tools-for-stm32.11.3.rel1.win32_1.1.100.202309141235/tools/bin/../lib/gcc/arm-none-eabi/11.3.1/../../../../arm-none-eabi/lib/thumb/v7e-m+fp/hard\libc_nano.a(libc_a-sbrkr.o)
                0x0000000008004c10                _sbrk_r
 .text.memcpy   0x0000000008004c30       0x1c C:/ST/STM32CubeIDE_1.14.1/STM32CubeIDE/plugins/com.st.stm32cube.ide.mcu.externaltools.gnu-tools-for-stm32.11.3.rel1.win32_1.1.100.202309141235/tools/bin/../lib/gcc/arm-none-eabi/11.3.1/../../../../arm-none-eabi/lib/thumb/v7e-m+fp/hard\libc_nano.a(libc_a-memcpy-stub.o)
                0x0000000008004c30                memcpy
 .text._realloc_r
                0x0000000008004c4c       0x5e C:/ST/STM32CubeIDE_1.14.1/STM32CubeIDE/plugins/com.st.stm32cube.ide.mcu.externaltools.gnu-tools-for-stm32.11.3.rel1.win32_1.1.100.202309141235/tools/bin/../lib/gcc/arm-none-eabi/11.3.1/../../../../arm-none-eabi/lib/thumb/v7e-m+fp/hard\libc_nano.a(libc_a-reallocr.o)
                0x0000000008004c4c                _realloc_r
 .text._malloc_usable_size_r
                0x0000000008004caa       0x10 C:/ST/STM32CubeIDE_1.14.1/STM32CubeIDE/plugins/com.st.stm32cube.ide.mcu.externaltools.gnu-tools-for-stm32.11.3.rel1.win32_1.1.100.202309141235/tools/bin/../lib/gcc/arm-none-eabi/11.3.1/../../../../arm-none-eabi/lib/thumb/v7e-m+fp/hard\libc_nano.a(libc_a-msizer.o)
                0x0000000008004caa                _malloc_usable_size_r
 *(.glue_7)
 .glue_7        0x0000000008004cba        0x0 linker stubs
 *(.glue_7t)
 .glue_7t       0x0000000008004cba        0x0 linker stubs
 *(.eh_frame)
 *fill*         0x0000000008004cba        0x2 
 .eh_frame      0x0000000008004cbc        0x0 C:/ST/STM32CubeIDE_1.14.1/STM32CubeIDE/plugins/com.st.stm32cube.ide.mcu.externaltools.gnu-tools-for-stm32.11.3.rel1.win32_1.1.100.202309141235/tools/bin/../lib/gcc/arm-none-eabi/11.3.1/thumb/v7e-m+fp/hard/crtbegin.o
 *(.init)
 .init          0x0000000008004cbc        0x4 C:/ST/STM32CubeIDE_1.14.1/STM32CubeIDE/plugins/com.st.stm32cube.ide.mcu.externaltools.gnu-tools-for-stm32.11.3.rel1.win32_1.1.100.202309141235/tools/bin/../lib/gcc/arm-none-eabi/11.3.1/thumb/v7e-m+fp/hard/crti.o
                0x0000000008004cbc                _init
 .init          0x0000000008004cc0        0x8 C:/ST/STM32CubeIDE_1.14.1/STM32CubeIDE/plugins/com.st.stm32cube.ide.mcu.externaltools.gnu-tools-for-stm32.11.3.rel1.win32_1.1.100.202309141235/tools/bin/../lib/gcc/arm-none-eabi/11.3.1/thumb/v7e-m+fp/hard/crtn.o
 *(.fini)
 .fini          0x0000000008004cc8        0x4 C:/ST/STM32CubeIDE_1.14.1/STM32CubeIDE/plugins/com.st.stm32cube.ide.mcu.externaltools.gnu-tools-for-stm32.11.3.rel1.win32_1.1.100.202309141235/tools/bin/../lib/gcc/arm-none-eabi/11.3.1/thumb/v7e-m+fp/hard/crti.o
                0x0000000008004cc8                _fini
 .fini          0x0000000008004ccc        0x8 C:/ST/STM32CubeIDE_1.14.1/STM32CubeIDE/plugins/com.st.stm32cube.ide.mcu.externaltools.gnu-tools-for-stm32.11.3.rel1.win32_1.1.100.202309141235/tools/bin/../lib/gcc/arm-none-eabi/11.3.1/thumb/v7e-m+fp/hard/crtn.o
                0x0000000008004cd4                . = ALIGN (0x4)
                0x0000000008004cd4                _etext = .

.vfp11_veneer   0x0000000008004cd4        0x0
 .vfp11_veneer  0x0000000008004cd4        0x0 linker stubs

.v4_bx          0x0000000008004cd4        0x0
 .v4_bx         0x0000000008004cd4        0x0 linker stubs

.iplt           0x0000000008004cd4        0x0
 .iplt          0x0000000008004cd4        0x0 C:/ST/STM32CubeIDE_1.14.1/STM32CubeIDE/plugins/com.st.stm32cube.ide.mcu.externaltools.gnu-tools-for-stm32.11.3.rel1.win32_1.1.100.202309141235/tools/bin/../lib/gcc/arm-none-eabi/11.3.1/thumb/v7e-m+fp/hard/crtbegin.o

.rodata         0x0000000008004cd4      0x954
                0x0000000008004cd4                . = ALIGN (0x4)
 *(.rodata)
 .rodata        0x0000000008004cd4       0x86 ./Src/main.o
 *fill*         0x0000000008004d5a        0x2 
 .rodata        0x0000000008004d5c        0xf E:\STM32\version2\drivers\inc\inc\lib_stm\libLibraries.a(ucg_font.o)
 *(.rodata*)
 *fill*         0x0000000008004d6b        0x1 
 .rodata.ucg_st7735_set_pos_seq
                0x0000000008004d6c       0x1e E:\STM32\version2\drivers\inc\inc\lib_stm\libLibraries.a(ucg_dev_ic_st7735.o)
                0x0000000008004d6c                ucg_st7735_set_pos_seq
 *fill*         0x0000000008004d8a        0x2 
 .rodata.ucg_st7735_set_pos_dir0_seq
                0x0000000008004d8c       0x1e E:\STM32\version2\drivers\inc\inc\lib_stm\libLibraries.a(ucg_dev_ic_st7735.o)
                0x0000000008004d8c                ucg_st7735_set_pos_dir0_seq
 *fill*         0x0000000008004daa        0x2 
 .rodata.ucg_st7735_set_pos_dir1_seq
                0x0000000008004dac       0x21 E:\STM32\version2\drivers\inc\inc\lib_stm\libLibraries.a(ucg_dev_ic_st7735.o)
                0x0000000008004dac                ucg_st7735_set_pos_dir1_seq
 *fill*         0x0000000008004dcd        0x3 
 .rodata.ucg_st7735_set_pos_dir2_seq
                0x0000000008004dd0       0x21 E:\STM32\version2\drivers\inc\inc\lib_stm\libLibraries.a(ucg_dev_ic_st7735.o)
                0x0000000008004dd0                ucg_st7735_set_pos_dir2_seq
 *fill*         0x0000000008004df1        0x3 
 .rodata.ucg_st7735_set_pos_dir3_seq
                0x0000000008004df4       0x24 E:\STM32\version2\drivers\inc\inc\lib_stm\libLibraries.a(ucg_dev_ic_st7735.o)
                0x0000000008004df4                ucg_st7735_set_pos_dir3_seq
 .rodata.ucg_st7735_power_down_seq
                0x0000000008004e18        0x7 E:\STM32\version2\drivers\inc\inc\lib_stm\libLibraries.a(ucg_dev_ic_st7735.o)
 *fill*         0x0000000008004e1f        0x1 
 .rodata.ucg_tft_128x160_st7735_init_seq
                0x0000000008004e20       0x2c E:\STM32\version2\drivers\inc\inc\lib_stm\libLibraries.a(ucg_dev_tft_128x128_st7735.o)
 .rodata.ucg_font_ncenR12_hr
                0x0000000008004e4c      0x7a8 E:\STM32\version2\drivers\inc\inc\lib_stm\libLibraries.a(ucg_pixel_font_data.o)
                0x0000000008004e4c                ucg_font_ncenR12_hr
 .rodata._svfprintf_r.str1.1
                0x00000000080055f4       0x11 C:/ST/STM32CubeIDE_1.14.1/STM32CubeIDE/plugins/com.st.stm32cube.ide.mcu.externaltools.gnu-tools-for-stm32.11.3.rel1.win32_1.1.100.202309141235/tools/bin/../lib/gcc/arm-none-eabi/11.3.1/../../../../arm-none-eabi/lib/thumb/v7e-m+fp/hard\libc_nano.a(libc_a-nano-svfprintf.o)
 .rodata._printf_i.str1.1
                0x0000000008005605       0x22 C:/ST/STM32CubeIDE_1.14.1/STM32CubeIDE/plugins/com.st.stm32cube.ide.mcu.externaltools.gnu-tools-for-stm32.11.3.rel1.win32_1.1.100.202309141235/tools/bin/../lib/gcc/arm-none-eabi/11.3.1/../../../../arm-none-eabi/lib/thumb/v7e-m+fp/hard\libc_nano.a(libc_a-nano-vfprintf_i.o)
                0x0000000008005628                . = ALIGN (0x4)
 *fill*         0x0000000008005627        0x1 

.rel.dyn        0x0000000008005628        0x0
 .rel.iplt      0x0000000008005628        0x0 C:/ST/STM32CubeIDE_1.14.1/STM32CubeIDE/plugins/com.st.stm32cube.ide.mcu.externaltools.gnu-tools-for-stm32.11.3.rel1.win32_1.1.100.202309141235/tools/bin/../lib/gcc/arm-none-eabi/11.3.1/thumb/v7e-m+fp/hard/crtbegin.o

.ARM.extab      0x0000000008005628        0x0
                0x0000000008005628                . = ALIGN (0x4)
 *(.ARM.extab* .gnu.linkonce.armextab.*)
                0x0000000008005628                . = ALIGN (0x4)

.ARM            0x0000000008005628        0x0
                0x0000000008005628                . = ALIGN (0x4)
                0x0000000008005628                __exidx_start = .
 *(.ARM.exidx*)
                0x0000000008005628                __exidx_end = .
                0x0000000008005628                . = ALIGN (0x4)

.preinit_array  0x0000000008005628        0x0
                0x0000000008005628                . = ALIGN (0x4)
                0x0000000008005628                PROVIDE (__preinit_array_start = .)
 *(.preinit_array*)
                0x0000000008005628                PROVIDE (__preinit_array_end = .)
                0x0000000008005628                . = ALIGN (0x4)

.init_array     0x0000000008005628        0x4
                0x0000000008005628                . = ALIGN (0x4)
                0x0000000008005628                PROVIDE (__init_array_start = .)
 *(SORT_BY_NAME(.init_array.*))
 *(.init_array*)
 .init_array    0x0000000008005628        0x4 C:/ST/STM32CubeIDE_1.14.1/STM32CubeIDE/plugins/com.st.stm32cube.ide.mcu.externaltools.gnu-tools-for-stm32.11.3.rel1.win32_1.1.100.202309141235/tools/bin/../lib/gcc/arm-none-eabi/11.3.1/thumb/v7e-m+fp/hard/crtbegin.o
                0x000000000800562c                PROVIDE (__init_array_end = .)
                0x000000000800562c                . = ALIGN (0x4)

.fini_array     0x000000000800562c        0x4
                0x000000000800562c                . = ALIGN (0x4)
                [!provide]                        PROVIDE (__fini_array_start = .)
 *(SORT_BY_NAME(.fini_array.*))
 *(.fini_array*)
 .fini_array    0x000000000800562c        0x4 C:/ST/STM32CubeIDE_1.14.1/STM32CubeIDE/plugins/com.st.stm32cube.ide.mcu.externaltools.gnu-tools-for-stm32.11.3.rel1.win32_1.1.100.202309141235/tools/bin/../lib/gcc/arm-none-eabi/11.3.1/thumb/v7e-m+fp/hard/crtbegin.o
                [!provide]                        PROVIDE (__fini_array_end = .)
                0x0000000008005630                . = ALIGN (0x4)
                0x0000000008005630                _sidata = LOADADDR (.data)

.data           0x0000000020000000       0x78 load address 0x0000000008005630
                0x0000000020000000                . = ALIGN (0x4)
                0x0000000020000000                _sdata = .
 *(.data)
 *(.data*)
 .data.SystemCoreClock
                0x0000000020000000        0x4 E:\STM32\version2\drivers\inc\inc\lib_stm\libLibraries.a(system_stm32f4xx.o)
                0x0000000020000000                SystemCoreClock
 .data.AHBPrescTable
                0x0000000020000004       0x10 E:\STM32\version2\drivers\inc\inc\lib_stm\libLibraries.a(system_stm32f4xx.o)
                0x0000000020000004                AHBPrescTable
 .data.APBAHBPrescTable
                0x0000000020000014       0x10 E:\STM32\version2\drivers\inc\inc\lib_stm\libLibraries.a(stm32f401re_rcc.o)
 .data.idTaskScanDecodeLen
                0x0000000020000024        0x1 E:\STM32\version2\drivers\inc\inc\lib_stm\libLibraries.a(ucg_font.o)
 *fill*         0x0000000020000025        0x3 
 .data._impure_data
                0x0000000020000028       0x4c C:/ST/STM32CubeIDE_1.14.1/STM32CubeIDE/plugins/com.st.stm32cube.ide.mcu.externaltools.gnu-tools-for-stm32.11.3.rel1.win32_1.1.100.202309141235/tools/bin/../lib/gcc/arm-none-eabi/11.3.1/../../../../arm-none-eabi/lib/thumb/v7e-m+fp/hard\libc_nano.a(libc_a-impure.o)
                0x0000000020000028                _impure_data
 .data._impure_ptr
                0x0000000020000074        0x4 C:/ST/STM32CubeIDE_1.14.1/STM32CubeIDE/plugins/com.st.stm32cube.ide.mcu.externaltools.gnu-tools-for-stm32.11.3.rel1.win32_1.1.100.202309141235/tools/bin/../lib/gcc/arm-none-eabi/11.3.1/../../../../arm-none-eabi/lib/thumb/v7e-m+fp/hard\libc_nano.a(libc_a-impure.o)
                0x0000000020000074                _impure_ptr
 *(.RamFunc)
 *(.RamFunc*)
                0x0000000020000078                . = ALIGN (0x4)
                0x0000000020000078                _edata = .

.igot.plt       0x0000000020000078        0x0 load address 0x00000000080056a8
 .igot.plt      0x0000000020000078        0x0 C:/ST/STM32CubeIDE_1.14.1/STM32CubeIDE/plugins/com.st.stm32cube.ide.mcu.externaltools.gnu-tools-for-stm32.11.3.rel1.win32_1.1.100.202309141235/tools/bin/../lib/gcc/arm-none-eabi/11.3.1/thumb/v7e-m+fp/hard/crtbegin.o
                0x0000000020000078                . = ALIGN (0x4)

.bss            0x0000000020000078     0x142c load address 0x00000000080056a8
                0x0000000020000078                _sbss = .
                0x0000000020000078                __bss_start__ = _sbss
 *(.bss)
 .bss           0x0000000020000078       0x1c C:/ST/STM32CubeIDE_1.14.1/STM32CubeIDE/plugins/com.st.stm32cube.ide.mcu.externaltools.gnu-tools-for-stm32.11.3.rel1.win32_1.1.100.202309141235/tools/bin/../lib/gcc/arm-none-eabi/11.3.1/thumb/v7e-m+fp/hard/crtbegin.o
 *(.bss*)
 .bss.ucg       0x0000000020000094       0xb4 ./Src/main.o
 .bss.time_initial
                0x0000000020000148        0x4 ./Src/main.o
                0x0000000020000148                time_initial
 .bss.time_current
                0x000000002000014c        0x4 ./Src/main.o
                0x000000002000014c                time_current
 .bss.idTimer   0x0000000020000150        0x4 ./Src/main.o
                0x0000000020000150                idTimer
 .bss.src1      0x0000000020000154       0x14 ./Src/main.o
 .bss.src2      0x0000000020000168       0x14 ./Src/main.o
 .bss.src3      0x000000002000017c       0x14 ./Src/main.o
 .bss.src4      0x0000000020000190       0x14 ./Src/main.o
 .bss.time_total
                0x00000000200001a4        0x4 ./Src/main.o
 .bss.temperature
                0x00000000200001a8        0x1 ./Src/main.o
 .bss.humidity  0x00000000200001a9        0x1 ./Src/main.o
 .bss.temperature1
                0x00000000200001aa        0x1 ./Src/main.o
 .bss.humidity1
                0x00000000200001ab        0x1 ./Src/main.o
 .bss.__sbrk_heap_end
                0x00000000200001ac        0x4 ./Src/sysmem.o
 .bss.g_pTimerHandle
                0x00000000200001b0      0x180 E:\STM32\version2\drivers\inc\inc\lib_stm\libLibraries.a(timer.o)
 .bss.g_wMilSecTickTimer
                0x0000000020000330        0x4 E:\STM32\version2\drivers\inc\inc\lib_stm\libLibraries.a(timer.o)
 .bss.g_pUartQueueRx
                0x0000000020000334        0x8 E:\STM32\version2\drivers\inc\inc\lib_stm\libLibraries.a(serial.o)
 .bss.fontQueue
                0x000000002000033c       0x10 E:\STM32\version2\drivers\inc\inc\lib_stm\libLibraries.a(ucg_font.o)
 .bss.pQueueFont
                0x000000002000034c     0x1000 E:\STM32\version2\drivers\inc\inc\lib_stm\libLibraries.a(ucg_font.o)
 .bss.next.7562
                0x000000002000134c        0x1 E:\STM32\version2\drivers\inc\inc\lib_stm\libLibraries.a(ucg_font.o)
 *fill*         0x000000002000134d        0x3 
 .bss.__sf      0x0000000020001350      0x138 C:/ST/STM32CubeIDE_1.14.1/STM32CubeIDE/plugins/com.st.stm32cube.ide.mcu.externaltools.gnu-tools-for-stm32.11.3.rel1.win32_1.1.100.202309141235/tools/bin/../lib/gcc/arm-none-eabi/11.3.1/../../../../arm-none-eabi/lib/thumb/v7e-m+fp/hard\libc_nano.a(libc_a-findfp.o)
                0x0000000020001350                __sf
 .bss.errno     0x0000000020001488        0x4 C:/ST/STM32CubeIDE_1.14.1/STM32CubeIDE/plugins/com.st.stm32cube.ide.mcu.externaltools.gnu-tools-for-stm32.11.3.rel1.win32_1.1.100.202309141235/tools/bin/../lib/gcc/arm-none-eabi/11.3.1/../../../../arm-none-eabi/lib/thumb/v7e-m+fp/hard\libc_nano.a(libc_a-reent.o)
                0x0000000020001488                errno
 .bss.__lock___malloc_recursive_mutex
                0x000000002000148c        0x1 C:/ST/STM32CubeIDE_1.14.1/STM32CubeIDE/plugins/com.st.stm32cube.ide.mcu.externaltools.gnu-tools-for-stm32.11.3.rel1.win32_1.1.100.202309141235/tools/bin/../lib/gcc/arm-none-eabi/11.3.1/../../../../arm-none-eabi/lib/thumb/v7e-m+fp/hard\libc_nano.a(libc_a-lock.o)
                0x000000002000148c                __lock___malloc_recursive_mutex
 *fill*         0x000000002000148d        0x3 
 .bss.__malloc_free_list
                0x0000000020001490        0x4 C:/ST/STM32CubeIDE_1.14.1/STM32CubeIDE/plugins/com.st.stm32cube.ide.mcu.externaltools.gnu-tools-for-stm32.11.3.rel1.win32_1.1.100.202309141235/tools/bin/../lib/gcc/arm-none-eabi/11.3.1/../../../../arm-none-eabi/lib/thumb/v7e-m+fp/hard\libc_nano.a(libc_a-mallocr.o)
                0x0000000020001490                __malloc_free_list
 .bss.__malloc_sbrk_start
                0x0000000020001494        0x4 C:/ST/STM32CubeIDE_1.14.1/STM32CubeIDE/plugins/com.st.stm32cube.ide.mcu.externaltools.gnu-tools-for-stm32.11.3.rel1.win32_1.1.100.202309141235/tools/bin/../lib/gcc/arm-none-eabi/11.3.1/../../../../arm-none-eabi/lib/thumb/v7e-m+fp/hard\libc_nano.a(libc_a-mallocr.o)
                0x0000000020001494                __malloc_sbrk_start
 *(COMMON)
 COMMON         0x0000000020001498        0xc E:\STM32\version2\drivers\inc\inc\lib_stm\libLibraries.a(ucg_font.o)
                0x0000000020001498                ucg_draw_str
                0x00000000200014a4                . = ALIGN (0x4)
                0x00000000200014a4                _ebss = .
                0x00000000200014a4                __bss_end__ = _ebss

._user_heap_stack
                0x00000000200014a4      0x604 load address 0x00000000080056a8
                0x00000000200014a8                . = ALIGN (0x8)
 *fill*         0x00000000200014a4        0x4 
                [!provide]                        PROVIDE (end = .)
                0x00000000200014a8                PROVIDE (_end = .)
                0x00000000200016a8                . = (. + _Min_Heap_Size)
 *fill*         0x00000000200014a8      0x200 
                0x0000000020001aa8                . = (. + _Min_Stack_Size)
 *fill*         0x00000000200016a8      0x400 
                0x0000000020001aa8                . = ALIGN (0x8)

/DISCARD/
 libc.a(*)
 libm.a(*)
 libgcc.a(*)

.ARM.attributes
                0x0000000000000000       0x30
 *(.ARM.attributes)
 .ARM.attributes
                0x0000000000000000       0x1e C:/ST/STM32CubeIDE_1.14.1/STM32CubeIDE/plugins/com.st.stm32cube.ide.mcu.externaltools.gnu-tools-for-stm32.11.3.rel1.win32_1.1.100.202309141235/tools/bin/../lib/gcc/arm-none-eabi/11.3.1/thumb/v7e-m+fp/hard/crti.o
 .ARM.attributes
                0x000000000000001e       0x34 C:/ST/STM32CubeIDE_1.14.1/STM32CubeIDE/plugins/com.st.stm32cube.ide.mcu.externaltools.gnu-tools-for-stm32.11.3.rel1.win32_1.1.100.202309141235/tools/bin/../lib/gcc/arm-none-eabi/11.3.1/thumb/v7e-m+fp/hard/crtbegin.o
 .ARM.attributes
                0x0000000000000052       0x34 ./Src/main.o
 .ARM.attributes
                0x0000000000000086       0x34 ./Src/sysmem.o
 .ARM.attributes
                0x00000000000000ba       0x21 ./Startup/startup_stm32f401retx.o
 .ARM.attributes
                0x00000000000000db       0x39 E:\STM32\version2\drivers\inc\inc\lib_stm\libLibraries.a(system_stm32f4xx.o)
 .ARM.attributes
                0x0000000000000114       0x39 E:\STM32\version2\drivers\inc\inc\lib_stm\libLibraries.a(stm32f401re_gpio.o)
 .ARM.attributes
                0x000000000000014d       0x39 E:\STM32\version2\drivers\inc\inc\lib_stm\libLibraries.a(stm32f401re_i2c.o)
 .ARM.attributes
                0x0000000000000186       0x39 E:\STM32\version2\drivers\inc\inc\lib_stm\libLibraries.a(stm32f401re_rcc.o)
 .ARM.attributes
                0x00000000000001bf       0x39 E:\STM32\version2\drivers\inc\inc\lib_stm\libLibraries.a(timer.o)
 .ARM.attributes
                0x00000000000001f8       0x39 E:\STM32\version2\drivers\inc\inc\lib_stm\libLibraries.a(temhumsensor.o)
 .ARM.attributes
                0x0000000000000231       0x39 E:\STM32\version2\drivers\inc\inc\lib_stm\libLibraries.a(serial.o)
 .ARM.attributes
                0x000000000000026a       0x39 E:\STM32\version2\drivers\inc\inc\lib_stm\libLibraries.a(Ucglib.o)
 .ARM.attributes
                0x00000000000002a3       0x39 E:\STM32\version2\drivers\inc\inc\lib_stm\libLibraries.a(ucg_box.o)
 .ARM.attributes
                0x00000000000002dc       0x39 E:\STM32\version2\drivers\inc\inc\lib_stm\libLibraries.a(ucg_ccs.o)
 .ARM.attributes
                0x0000000000000315       0x39 E:\STM32\version2\drivers\inc\inc\lib_stm\libLibraries.a(ucg_dev_default_cb.o)
 .ARM.attributes
                0x000000000000034e       0x39 E:\STM32\version2\drivers\inc\inc\lib_stm\libLibraries.a(ucg_dev_ic_st7735.o)
 .ARM.attributes
                0x0000000000000387       0x39 E:\STM32\version2\drivers\inc\inc\lib_stm\libLibraries.a(ucg_dev_msg_api.o)
 .ARM.attributes
                0x00000000000003c0       0x39 E:\STM32\version2\drivers\inc\inc\lib_stm\libLibraries.a(ucg_dev_tft_128x128_st7735.o)
 .ARM.attributes
                0x00000000000003f9       0x39 E:\STM32\version2\drivers\inc\inc\lib_stm\libLibraries.a(ucg_font.o)
 .ARM.attributes
                0x0000000000000432       0x39 E:\STM32\version2\drivers\inc\inc\lib_stm\libLibraries.a(ucg_init.o)
 .ARM.attributes
                0x000000000000046b       0x39 E:\STM32\version2\drivers\inc\inc\lib_stm\libLibraries.a(ucg_line.o)
 .ARM.attributes
                0x00000000000004a4       0x39 E:\STM32\version2\drivers\inc\inc\lib_stm\libLibraries.a(ucg_pixel.o)
 .ARM.attributes
                0x00000000000004dd       0x39 E:\STM32\version2\drivers\inc\inc\lib_stm\libLibraries.a(ucg_pixel_font_data.o)
 .ARM.attributes
                0x0000000000000516       0x39 E:\STM32\version2\drivers\inc\inc\lib_stm\libLibraries.a(ucg_rotate.o)
 .ARM.attributes
                0x000000000000054f       0x39 E:\STM32\version2\drivers\inc\inc\lib_stm\libLibraries.a(buff.o)
 .ARM.attributes
                0x0000000000000588       0x39 E:\STM32\version2\drivers\inc\inc\lib_stm\libLibraries.a(utilities.o)
 .ARM.attributes
                0x00000000000005c1       0x39 E:\STM32\version2\drivers\inc\inc\lib_stm\libLibraries.a(stm32f401re_usart.o)
 .ARM.attributes
                0x00000000000005fa       0x39 E:\STM32\version2\drivers\inc\inc\lib_stm\libLibraries.a(ucg_clip.o)
 .ARM.attributes
                0x0000000000000633       0x39 E:\STM32\version2\drivers\inc\inc\lib_stm\libLibraries.a(ucg_com_msg_api.o)
 .ARM.attributes
                0x000000000000066c       0x34 C:/ST/STM32CubeIDE_1.14.1/STM32CubeIDE/plugins/com.st.stm32cube.ide.mcu.externaltools.gnu-tools-for-stm32.11.3.rel1.win32_1.1.100.202309141235/tools/bin/../lib/gcc/arm-none-eabi/11.3.1/../../../../arm-none-eabi/lib/thumb/v7e-m+fp/hard\libc_nano.a(libc_a-findfp.o)
 .ARM.attributes
                0x00000000000006a0       0x34 C:/ST/STM32CubeIDE_1.14.1/STM32CubeIDE/plugins/com.st.stm32cube.ide.mcu.externaltools.gnu-tools-for-stm32.11.3.rel1.win32_1.1.100.202309141235/tools/bin/../lib/gcc/arm-none-eabi/11.3.1/../../../../arm-none-eabi/lib/thumb/v7e-m+fp/hard\libc_nano.a(libc_a-sprintf.o)
 .ARM.attributes
                0x00000000000006d4       0x34 C:/ST/STM32CubeIDE_1.14.1/STM32CubeIDE/plugins/com.st.stm32cube.ide.mcu.externaltools.gnu-tools-for-stm32.11.3.rel1.win32_1.1.100.202309141235/tools/bin/../lib/gcc/arm-none-eabi/11.3.1/../../../../arm-none-eabi/lib/thumb/v7e-m+fp/hard\libc_nano.a(libc_a-memset.o)
 .ARM.attributes
                0x0000000000000708       0x34 C:/ST/STM32CubeIDE_1.14.1/STM32CubeIDE/plugins/com.st.stm32cube.ide.mcu.externaltools.gnu-tools-for-stm32.11.3.rel1.win32_1.1.100.202309141235/tools/bin/../lib/gcc/arm-none-eabi/11.3.1/../../../../arm-none-eabi/lib/thumb/v7e-m+fp/hard\libc_nano.a(libc_a-reent.o)
 .ARM.attributes
                0x000000000000073c       0x34 C:/ST/STM32CubeIDE_1.14.1/STM32CubeIDE/plugins/com.st.stm32cube.ide.mcu.externaltools.gnu-tools-for-stm32.11.3.rel1.win32_1.1.100.202309141235/tools/bin/../lib/gcc/arm-none-eabi/11.3.1/../../../../arm-none-eabi/lib/thumb/v7e-m+fp/hard\libc_nano.a(libc_a-impure.o)
 .ARM.attributes
                0x0000000000000770       0x34 C:/ST/STM32CubeIDE_1.14.1/STM32CubeIDE/plugins/com.st.stm32cube.ide.mcu.externaltools.gnu-tools-for-stm32.11.3.rel1.win32_1.1.100.202309141235/tools/bin/../lib/gcc/arm-none-eabi/11.3.1/../../../../arm-none-eabi/lib/thumb/v7e-m+fp/hard\libc_nano.a(libc_a-errno.o)
 .ARM.attributes
                0x00000000000007a4       0x34 C:/ST/STM32CubeIDE_1.14.1/STM32CubeIDE/plugins/com.st.stm32cube.ide.mcu.externaltools.gnu-tools-for-stm32.11.3.rel1.win32_1.1.100.202309141235/tools/bin/../lib/gcc/arm-none-eabi/11.3.1/../../../../arm-none-eabi/lib/thumb/v7e-m+fp/hard\libc_nano.a(libc_a-init.o)
 .ARM.attributes
                0x00000000000007d8       0x34 C:/ST/STM32CubeIDE_1.14.1/STM32CubeIDE/plugins/com.st.stm32cube.ide.mcu.externaltools.gnu-tools-for-stm32.11.3.rel1.win32_1.1.100.202309141235/tools/bin/../lib/gcc/arm-none-eabi/11.3.1/../../../../arm-none-eabi/lib/thumb/v7e-m+fp/hard\libc_nano.a(libc_a-lock.o)
 .ARM.attributes
                0x000000000000080c       0x34 C:/ST/STM32CubeIDE_1.14.1/STM32CubeIDE/plugins/com.st.stm32cube.ide.mcu.externaltools.gnu-tools-for-stm32.11.3.rel1.win32_1.1.100.202309141235/tools/bin/../lib/gcc/arm-none-eabi/11.3.1/../../../../arm-none-eabi/lib/thumb/v7e-m+fp/hard\libc_nano.a(libc_a-freer.o)
 .ARM.attributes
                0x0000000000000840       0x34 C:/ST/STM32CubeIDE_1.14.1/STM32CubeIDE/plugins/com.st.stm32cube.ide.mcu.externaltools.gnu-tools-for-stm32.11.3.rel1.win32_1.1.100.202309141235/tools/bin/../lib/gcc/arm-none-eabi/11.3.1/../../../../arm-none-eabi/lib/thumb/v7e-m+fp/hard\libc_nano.a(libc_a-mallocr.o)
 .ARM.attributes
                0x0000000000000874       0x34 C:/ST/STM32CubeIDE_1.14.1/STM32CubeIDE/plugins/com.st.stm32cube.ide.mcu.externaltools.gnu-tools-for-stm32.11.3.rel1.win32_1.1.100.202309141235/tools/bin/../lib/gcc/arm-none-eabi/11.3.1/../../../../arm-none-eabi/lib/thumb/v7e-m+fp/hard\libc_nano.a(libc_a-mlock.o)
 .ARM.attributes
                0x00000000000008a8       0x34 C:/ST/STM32CubeIDE_1.14.1/STM32CubeIDE/plugins/com.st.stm32cube.ide.mcu.externaltools.gnu-tools-for-stm32.11.3.rel1.win32_1.1.100.202309141235/tools/bin/../lib/gcc/arm-none-eabi/11.3.1/../../../../arm-none-eabi/lib/thumb/v7e-m+fp/hard\libc_nano.a(libc_a-nano-svfprintf.o)
 .ARM.attributes
                0x00000000000008dc       0x34 C:/ST/STM32CubeIDE_1.14.1/STM32CubeIDE/plugins/com.st.stm32cube.ide.mcu.externaltools.gnu-tools-for-stm32.11.3.rel1.win32_1.1.100.202309141235/tools/bin/../lib/gcc/arm-none-eabi/11.3.1/../../../../arm-none-eabi/lib/thumb/v7e-m+fp/hard\libc_nano.a(libc_a-nano-vfprintf_i.o)
 .ARM.attributes
                0x0000000000000910       0x34 C:/ST/STM32CubeIDE_1.14.1/STM32CubeIDE/plugins/com.st.stm32cube.ide.mcu.externaltools.gnu-tools-for-stm32.11.3.rel1.win32_1.1.100.202309141235/tools/bin/../lib/gcc/arm-none-eabi/11.3.1/../../../../arm-none-eabi/lib/thumb/v7e-m+fp/hard\libc_nano.a(libc_a-memmove.o)
 .ARM.attributes
                0x0000000000000944       0x34 C:/ST/STM32CubeIDE_1.14.1/STM32CubeIDE/plugins/com.st.stm32cube.ide.mcu.externaltools.gnu-tools-for-stm32.11.3.rel1.win32_1.1.100.202309141235/tools/bin/../lib/gcc/arm-none-eabi/11.3.1/../../../../arm-none-eabi/lib/thumb/v7e-m+fp/hard\libc_nano.a(libc_a-sbrkr.o)
 .ARM.attributes
                0x0000000000000978       0x1c C:/ST/STM32CubeIDE_1.14.1/STM32CubeIDE/plugins/com.st.stm32cube.ide.mcu.externaltools.gnu-tools-for-stm32.11.3.rel1.win32_1.1.100.202309141235/tools/bin/../lib/gcc/arm-none-eabi/11.3.1/../../../../arm-none-eabi/lib/thumb/v7e-m+fp/hard\libc_nano.a(libc_a-memchr.o)
 .ARM.attributes
                0x0000000000000994       0x34 C:/ST/STM32CubeIDE_1.14.1/STM32CubeIDE/plugins/com.st.stm32cube.ide.mcu.externaltools.gnu-tools-for-stm32.11.3.rel1.win32_1.1.100.202309141235/tools/bin/../lib/gcc/arm-none-eabi/11.3.1/../../../../arm-none-eabi/lib/thumb/v7e-m+fp/hard\libc_nano.a(libc_a-memcpy-stub.o)
 .ARM.attributes
                0x00000000000009c8       0x34 C:/ST/STM32CubeIDE_1.14.1/STM32CubeIDE/plugins/com.st.stm32cube.ide.mcu.externaltools.gnu-tools-for-stm32.11.3.rel1.win32_1.1.100.202309141235/tools/bin/../lib/gcc/arm-none-eabi/11.3.1/../../../../arm-none-eabi/lib/thumb/v7e-m+fp/hard\libc_nano.a(libc_a-reallocr.o)
 .ARM.attributes
                0x00000000000009fc       0x34 C:/ST/STM32CubeIDE_1.14.1/STM32CubeIDE/plugins/com.st.stm32cube.ide.mcu.externaltools.gnu-tools-for-stm32.11.3.rel1.win32_1.1.100.202309141235/tools/bin/../lib/gcc/arm-none-eabi/11.3.1/../../../../arm-none-eabi/lib/thumb/v7e-m+fp/hard\libc_nano.a(libc_a-msizer.o)
 .ARM.attributes
                0x0000000000000a30       0x1e C:/ST/STM32CubeIDE_1.14.1/STM32CubeIDE/plugins/com.st.stm32cube.ide.mcu.externaltools.gnu-tools-for-stm32.11.3.rel1.win32_1.1.100.202309141235/tools/bin/../lib/gcc/arm-none-eabi/11.3.1/thumb/v7e-m+fp/hard/crtn.o
OUTPUT(version2.elf elf32-littlearm)
LOAD linker stubs
LOAD C:/ST/STM32CubeIDE_1.14.1/STM32CubeIDE/plugins/com.st.stm32cube.ide.mcu.externaltools.gnu-tools-for-stm32.11.3.rel1.win32_1.1.100.202309141235/tools/bin/../lib/gcc/arm-none-eabi/11.3.1/../../../../arm-none-eabi/lib/thumb/v7e-m+fp/hard\libc.a
LOAD C:/ST/STM32CubeIDE_1.14.1/STM32CubeIDE/plugins/com.st.stm32cube.ide.mcu.externaltools.gnu-tools-for-stm32.11.3.rel1.win32_1.1.100.202309141235/tools/bin/../lib/gcc/arm-none-eabi/11.3.1/../../../../arm-none-eabi/lib/thumb/v7e-m+fp/hard\libm.a
LOAD C:/ST/STM32CubeIDE_1.14.1/STM32CubeIDE/plugins/com.st.stm32cube.ide.mcu.externaltools.gnu-tools-for-stm32.11.3.rel1.win32_1.1.100.202309141235/tools/bin/../lib/gcc/arm-none-eabi/11.3.1/thumb/v7e-m+fp/hard\libgcc.a

.comment        0x0000000000000000       0xbe
 .comment       0x0000000000000000       0x43 C:/ST/STM32CubeIDE_1.14.1/STM32CubeIDE/plugins/com.st.stm32cube.ide.mcu.externaltools.gnu-tools-for-stm32.11.3.rel1.win32_1.1.100.202309141235/tools/bin/../lib/gcc/arm-none-eabi/11.3.1/thumb/v7e-m+fp/hard/crtbegin.o
                                         0x44 (size before relaxing)
 .comment       0x0000000000000043       0x44 ./Src/main.o
 .comment       0x0000000000000043       0x44 ./Src/sysmem.o
 .comment       0x0000000000000043       0x7b E:\STM32\version2\drivers\inc\inc\lib_stm\libLibraries.a(system_stm32f4xx.o)
                                         0x7c (size before relaxing)
 .comment       0x00000000000000be       0x7c E:\STM32\version2\drivers\inc\inc\lib_stm\libLibraries.a(stm32f401re_gpio.o)
 .comment       0x00000000000000be       0x7c E:\STM32\version2\drivers\inc\inc\lib_stm\libLibraries.a(stm32f401re_i2c.o)
 .comment       0x00000000000000be       0x7c E:\STM32\version2\drivers\inc\inc\lib_stm\libLibraries.a(stm32f401re_rcc.o)
 .comment       0x00000000000000be       0x7c E:\STM32\version2\drivers\inc\inc\lib_stm\libLibraries.a(timer.o)
 .comment       0x00000000000000be       0x7c E:\STM32\version2\drivers\inc\inc\lib_stm\libLibraries.a(temhumsensor.o)
 .comment       0x00000000000000be       0x7c E:\STM32\version2\drivers\inc\inc\lib_stm\libLibraries.a(serial.o)
 .comment       0x00000000000000be       0x7c E:\STM32\version2\drivers\inc\inc\lib_stm\libLibraries.a(Ucglib.o)
 .comment       0x00000000000000be       0x7c E:\STM32\version2\drivers\inc\inc\lib_stm\libLibraries.a(ucg_box.o)
 .comment       0x00000000000000be       0x7c E:\STM32\version2\drivers\inc\inc\lib_stm\libLibraries.a(ucg_ccs.o)
 .comment       0x00000000000000be       0x7c E:\STM32\version2\drivers\inc\inc\lib_stm\libLibraries.a(ucg_dev_default_cb.o)
 .comment       0x00000000000000be       0x7c E:\STM32\version2\drivers\inc\inc\lib_stm\libLibraries.a(ucg_dev_ic_st7735.o)
 .comment       0x00000000000000be       0x7c E:\STM32\version2\drivers\inc\inc\lib_stm\libLibraries.a(ucg_dev_msg_api.o)
 .comment       0x00000000000000be       0x7c E:\STM32\version2\drivers\inc\inc\lib_stm\libLibraries.a(ucg_dev_tft_128x128_st7735.o)
 .comment       0x00000000000000be       0x7c E:\STM32\version2\drivers\inc\inc\lib_stm\libLibraries.a(ucg_font.o)
 .comment       0x00000000000000be       0x7c E:\STM32\version2\drivers\inc\inc\lib_stm\libLibraries.a(ucg_init.o)
 .comment       0x00000000000000be       0x7c E:\STM32\version2\drivers\inc\inc\lib_stm\libLibraries.a(ucg_line.o)
 .comment       0x00000000000000be       0x7c E:\STM32\version2\drivers\inc\inc\lib_stm\libLibraries.a(ucg_pixel.o)
 .comment       0x00000000000000be       0x7c E:\STM32\version2\drivers\inc\inc\lib_stm\libLibraries.a(ucg_pixel_font_data.o)
 .comment       0x00000000000000be       0x7c E:\STM32\version2\drivers\inc\inc\lib_stm\libLibraries.a(ucg_rotate.o)
 .comment       0x00000000000000be       0x7c E:\STM32\version2\drivers\inc\inc\lib_stm\libLibraries.a(buff.o)
 .comment       0x00000000000000be       0x7c E:\STM32\version2\drivers\inc\inc\lib_stm\libLibraries.a(utilities.o)
 .comment       0x00000000000000be       0x7c E:\STM32\version2\drivers\inc\inc\lib_stm\libLibraries.a(stm32f401re_usart.o)
 .comment       0x00000000000000be       0x7c E:\STM32\version2\drivers\inc\inc\lib_stm\libLibraries.a(ucg_clip.o)
 .comment       0x00000000000000be       0x7c E:\STM32\version2\drivers\inc\inc\lib_stm\libLibraries.a(ucg_com_msg_api.o)

.debug_info     0x0000000000000000    0x383ce
 .debug_info    0x0000000000000000     0x1ca3 ./Src/main.o
 .debug_info    0x0000000000001ca3      0x168 ./Src/sysmem.o
 .debug_info    0x0000000000001e0b       0x23 ./Startup/startup_stm32f401retx.o
 .debug_info    0x0000000000001e2e      0x5bb E:\STM32\version2\drivers\inc\inc\lib_stm\libLibraries.a(system_stm32f4xx.o)
 .debug_info    0x00000000000023e9      0x62b E:\STM32\version2\drivers\inc\inc\lib_stm\libLibraries.a(stm32f401re_gpio.o)
 .debug_info    0x0000000000002a14      0xb9e E:\STM32\version2\drivers\inc\inc\lib_stm\libLibraries.a(stm32f401re_i2c.o)
 .debug_info    0x00000000000035b2      0xd5e E:\STM32\version2\drivers\inc\inc\lib_stm\libLibraries.a(stm32f401re_rcc.o)
 .debug_info    0x0000000000004310      0x922 E:\STM32\version2\drivers\inc\inc\lib_stm\libLibraries.a(timer.o)
 .debug_info    0x0000000000004c32      0xafd E:\STM32\version2\drivers\inc\inc\lib_stm\libLibraries.a(temhumsensor.o)
 .debug_info    0x000000000000572f      0xb11 E:\STM32\version2\drivers\inc\inc\lib_stm\libLibraries.a(serial.o)
 .debug_info    0x0000000000006240     0x333f E:\STM32\version2\drivers\inc\inc\lib_stm\libLibraries.a(Ucglib.o)
 .debug_info    0x000000000000957f     0x329d E:\STM32\version2\drivers\inc\inc\lib_stm\libLibraries.a(ucg_box.o)
 .debug_info    0x000000000000c81c     0x2b08 E:\STM32\version2\drivers\inc\inc\lib_stm\libLibraries.a(ucg_ccs.o)
 .debug_info    0x000000000000f324     0x324b E:\STM32\version2\drivers\inc\inc\lib_stm\libLibraries.a(ucg_dev_default_cb.o)
 .debug_info    0x000000000001256f     0x3272 E:\STM32\version2\drivers\inc\inc\lib_stm\libLibraries.a(ucg_dev_ic_st7735.o)
 .debug_info    0x00000000000157e1     0x3178 E:\STM32\version2\drivers\inc\inc\lib_stm\libLibraries.a(ucg_dev_msg_api.o)
 .debug_info    0x0000000000018959     0x303e E:\STM32\version2\drivers\inc\inc\lib_stm\libLibraries.a(ucg_dev_tft_128x128_st7735.o)
 .debug_info    0x000000000001b997     0x43ab E:\STM32\version2\drivers\inc\inc\lib_stm\libLibraries.a(ucg_font.o)
 .debug_info    0x000000000001fd42     0x3856 E:\STM32\version2\drivers\inc\inc\lib_stm\libLibraries.a(ucg_init.o)
 .debug_info    0x0000000000023598     0x3222 E:\STM32\version2\drivers\inc\inc\lib_stm\libLibraries.a(ucg_line.o)
 .debug_info    0x00000000000267ba     0x3056 E:\STM32\version2\drivers\inc\inc\lib_stm\libLibraries.a(ucg_pixel.o)
 .debug_info    0x0000000000029810     0x43df E:\STM32\version2\drivers\inc\inc\lib_stm\libLibraries.a(ucg_pixel_font_data.o)
 .debug_info    0x000000000002dbef     0x3231 E:\STM32\version2\drivers\inc\inc\lib_stm\libLibraries.a(ucg_rotate.o)
 .debug_info    0x0000000000030e20      0x339 E:\STM32\version2\drivers\inc\inc\lib_stm\libLibraries.a(buff.o)
 .debug_info    0x0000000000031159      0x2bd E:\STM32\version2\drivers\inc\inc\lib_stm\libLibraries.a(utilities.o)
 .debug_info    0x0000000000031416      0x9d4 E:\STM32\version2\drivers\inc\inc\lib_stm\libLibraries.a(stm32f401re_usart.o)
 .debug_info    0x0000000000031dea     0x315a E:\STM32\version2\drivers\inc\inc\lib_stm\libLibraries.a(ucg_clip.o)
 .debug_info    0x0000000000034f44     0x348a E:\STM32\version2\drivers\inc\inc\lib_stm\libLibraries.a(ucg_com_msg_api.o)

.debug_abbrev   0x0000000000000000     0x2e64
 .debug_abbrev  0x0000000000000000      0x433 ./Src/main.o
 .debug_abbrev  0x0000000000000433       0xbc ./Src/sysmem.o
 .debug_abbrev  0x00000000000004ef       0x12 ./Startup/startup_stm32f401retx.o
 .debug_abbrev  0x0000000000000501      0x138 E:\STM32\version2\drivers\inc\inc\lib_stm\libLibraries.a(system_stm32f4xx.o)
 .debug_abbrev  0x0000000000000639      0x1bf E:\STM32\version2\drivers\inc\inc\lib_stm\libLibraries.a(stm32f401re_gpio.o)
 .debug_abbrev  0x00000000000007f8      0x196 E:\STM32\version2\drivers\inc\inc\lib_stm\libLibraries.a(stm32f401re_i2c.o)
 .debug_abbrev  0x000000000000098e      0x1d4 E:\STM32\version2\drivers\inc\inc\lib_stm\libLibraries.a(stm32f401re_rcc.o)
 .debug_abbrev  0x0000000000000b62      0x29a E:\STM32\version2\drivers\inc\inc\lib_stm\libLibraries.a(timer.o)
 .debug_abbrev  0x0000000000000dfc      0x24a E:\STM32\version2\drivers\inc\inc\lib_stm\libLibraries.a(temhumsensor.o)
 .debug_abbrev  0x0000000000001046      0x2ba E:\STM32\version2\drivers\inc\inc\lib_stm\libLibraries.a(serial.o)
 .debug_abbrev  0x0000000000001300      0x202 E:\STM32\version2\drivers\inc\inc\lib_stm\libLibraries.a(Ucglib.o)
 .debug_abbrev  0x0000000000001502      0x18b E:\STM32\version2\drivers\inc\inc\lib_stm\libLibraries.a(ucg_box.o)
 .debug_abbrev  0x000000000000168d       0xf5 E:\STM32\version2\drivers\inc\inc\lib_stm\libLibraries.a(ucg_ccs.o)
 .debug_abbrev  0x0000000000001782      0x19e E:\STM32\version2\drivers\inc\inc\lib_stm\libLibraries.a(ucg_dev_default_cb.o)
 .debug_abbrev  0x0000000000001920      0x1dc E:\STM32\version2\drivers\inc\inc\lib_stm\libLibraries.a(ucg_dev_ic_st7735.o)
 .debug_abbrev  0x0000000000001afc      0x191 E:\STM32\version2\drivers\inc\inc\lib_stm\libLibraries.a(ucg_dev_msg_api.o)
 .debug_abbrev  0x0000000000001c8d      0x14e E:\STM32\version2\drivers\inc\inc\lib_stm\libLibraries.a(ucg_dev_tft_128x128_st7735.o)
 .debug_abbrev  0x0000000000001ddb      0x2fc E:\STM32\version2\drivers\inc\inc\lib_stm\libLibraries.a(ucg_font.o)
 .debug_abbrev  0x00000000000020d7      0x1c6 E:\STM32\version2\drivers\inc\inc\lib_stm\libLibraries.a(ucg_init.o)
 .debug_abbrev  0x000000000000229d      0x175 E:\STM32\version2\drivers\inc\inc\lib_stm\libLibraries.a(ucg_line.o)
 .debug_abbrev  0x0000000000002412      0x148 E:\STM32\version2\drivers\inc\inc\lib_stm\libLibraries.a(ucg_pixel.o)
 .debug_abbrev  0x000000000000255a       0x83 E:\STM32\version2\drivers\inc\inc\lib_stm\libLibraries.a(ucg_pixel_font_data.o)
 .debug_abbrev  0x00000000000025dd      0x1a3 E:\STM32\version2\drivers\inc\inc\lib_stm\libLibraries.a(ucg_rotate.o)
 .debug_abbrev  0x0000000000002780      0x12a E:\STM32\version2\drivers\inc\inc\lib_stm\libLibraries.a(buff.o)
 .debug_abbrev  0x00000000000028aa       0xce E:\STM32\version2\drivers\inc\inc\lib_stm\libLibraries.a(utilities.o)
 .debug_abbrev  0x0000000000002978      0x187 E:\STM32\version2\drivers\inc\inc\lib_stm\libLibraries.a(stm32f401re_usart.o)
 .debug_abbrev  0x0000000000002aff      0x173 E:\STM32\version2\drivers\inc\inc\lib_stm\libLibraries.a(ucg_clip.o)
 .debug_abbrev  0x0000000000002c72      0x1f2 E:\STM32\version2\drivers\inc\inc\lib_stm\libLibraries.a(ucg_com_msg_api.o)

.debug_aranges  0x0000000000000000      0xda8
 .debug_aranges
                0x0000000000000000      0x138 ./Src/main.o
 .debug_aranges
                0x0000000000000138       0x20 ./Src/sysmem.o
 .debug_aranges
                0x0000000000000158       0x28 ./Startup/startup_stm32f401retx.o
 .debug_aranges
                0x0000000000000180       0x30 E:\STM32\version2\drivers\inc\inc\lib_stm\libLibraries.a(system_stm32f4xx.o)
 .debug_aranges
                0x00000000000001b0       0x88 E:\STM32\version2\drivers\inc\inc\lib_stm\libLibraries.a(stm32f401re_gpio.o)
 .debug_aranges
                0x0000000000000238      0x130 E:\STM32\version2\drivers\inc\inc\lib_stm\libLibraries.a(stm32f401re_i2c.o)
 .debug_aranges
                0x0000000000000368      0x198 E:\STM32\version2\drivers\inc\inc\lib_stm\libLibraries.a(stm32f401re_rcc.o)
 .debug_aranges
                0x0000000000000500       0x70 E:\STM32\version2\drivers\inc\inc\lib_stm\libLibraries.a(timer.o)
 .debug_aranges
                0x0000000000000570       0xe8 E:\STM32\version2\drivers\inc\inc\lib_stm\libLibraries.a(temhumsensor.o)
 .debug_aranges
                0x0000000000000658       0x80 E:\STM32\version2\drivers\inc\inc\lib_stm\libLibraries.a(serial.o)
 .debug_aranges
                0x00000000000006d8       0x48 E:\STM32\version2\drivers\inc\inc\lib_stm\libLibraries.a(Ucglib.o)
 .debug_aranges
                0x0000000000000720       0x48 E:\STM32\version2\drivers\inc\inc\lib_stm\libLibraries.a(ucg_box.o)
 .debug_aranges
                0x0000000000000768       0x30 E:\STM32\version2\drivers\inc\inc\lib_stm\libLibraries.a(ucg_ccs.o)
 .debug_aranges
                0x0000000000000798       0x48 E:\STM32\version2\drivers\inc\inc\lib_stm\libLibraries.a(ucg_dev_default_cb.o)
 .debug_aranges
                0x00000000000007e0       0x40 E:\STM32\version2\drivers\inc\inc\lib_stm\libLibraries.a(ucg_dev_ic_st7735.o)
 .debug_aranges
                0x0000000000000820       0x60 E:\STM32\version2\drivers\inc\inc\lib_stm\libLibraries.a(ucg_dev_msg_api.o)
 .debug_aranges
                0x0000000000000880       0x20 E:\STM32\version2\drivers\inc\inc\lib_stm\libLibraries.a(ucg_dev_tft_128x128_st7735.o)
 .debug_aranges
                0x00000000000008a0      0x168 E:\STM32\version2\drivers\inc\inc\lib_stm\libLibraries.a(ucg_font.o)
 .debug_aranges
                0x0000000000000a08       0x28 E:\STM32\version2\drivers\inc\inc\lib_stm\libLibraries.a(ucg_init.o)
 .debug_aranges
                0x0000000000000a30       0x48 E:\STM32\version2\drivers\inc\inc\lib_stm\libLibraries.a(ucg_line.o)
 .debug_aranges
                0x0000000000000a78       0x28 E:\STM32\version2\drivers\inc\inc\lib_stm\libLibraries.a(ucg_pixel.o)
 .debug_aranges
                0x0000000000000aa0       0x18 E:\STM32\version2\drivers\inc\inc\lib_stm\libLibraries.a(ucg_pixel_font_data.o)
 .debug_aranges
                0x0000000000000ab8       0x68 E:\STM32\version2\drivers\inc\inc\lib_stm\libLibraries.a(ucg_rotate.o)
 .debug_aranges
                0x0000000000000b20       0x50 E:\STM32\version2\drivers\inc\inc\lib_stm\libLibraries.a(buff.o)
 .debug_aranges
                0x0000000000000b70       0x48 E:\STM32\version2\drivers\inc\inc\lib_stm\libLibraries.a(utilities.o)
 .debug_aranges
                0x0000000000000bb8      0x100 E:\STM32\version2\drivers\inc\inc\lib_stm\libLibraries.a(stm32f401re_usart.o)
 .debug_aranges
                0x0000000000000cb8       0x50 E:\STM32\version2\drivers\inc\inc\lib_stm\libLibraries.a(ucg_clip.o)
 .debug_aranges
                0x0000000000000d08       0xa0 E:\STM32\version2\drivers\inc\inc\lib_stm\libLibraries.a(ucg_com_msg_api.o)

.debug_rnglists
                0x0000000000000000      0x119
 .debug_rnglists
                0x0000000000000000       0xed ./Src/main.o
 .debug_rnglists
                0x00000000000000ed       0x13 ./Src/sysmem.o
 .debug_rnglists
                0x0000000000000100       0x19 ./Startup/startup_stm32f401retx.o

.debug_macro    0x0000000000000000    0x112d2
 .debug_macro   0x0000000000000000      0x3a3 ./Src/main.o
 .debug_macro   0x00000000000003a3      0xab4 ./Src/main.o
 .debug_macro   0x0000000000000e57       0x22 ./Src/main.o
 .debug_macro   0x0000000000000e79       0x8e ./Src/main.o
 .debug_macro   0x0000000000000f07       0x51 ./Src/main.o
 .debug_macro   0x0000000000000f58      0x103 ./Src/main.o
 .debug_macro   0x000000000000105b       0x6a ./Src/main.o
 .debug_macro   0x00000000000010c5      0x1df ./Src/main.o
 .debug_macro   0x00000000000012a4       0x61 ./Src/main.o
 .debug_macro   0x0000000000001305       0x2a ./Src/main.o
 .debug_macro   0x000000000000132f       0x43 ./Src/main.o
 .debug_macro   0x0000000000001372       0x34 ./Src/main.o
 .debug_macro   0x00000000000013a6      0x174 ./Src/main.o
 .debug_macro   0x000000000000151a       0x16 ./Src/main.o
 .debug_macro   0x0000000000001530       0x43 ./Src/main.o
 .debug_macro   0x0000000000001573       0x34 ./Src/main.o
 .debug_macro   0x00000000000015a7       0x10 ./Src/main.o
 .debug_macro   0x00000000000015b7       0x58 ./Src/main.o
 .debug_macro   0x000000000000160f       0x8e ./Src/main.o
 .debug_macro   0x000000000000169d       0x1c ./Src/main.o
 .debug_macro   0x00000000000016b9      0x177 ./Src/main.o
 .debug_macro   0x0000000000001830      0x369 ./Src/main.o
 .debug_macro   0x0000000000001b99       0x10 ./Src/main.o
 .debug_macro   0x0000000000001ba9       0x35 ./Src/main.o
 .debug_macro   0x0000000000001bde       0x20 ./Src/main.o
 .debug_macro   0x0000000000001bfe       0x6b ./Src/main.o
 .debug_macro   0x0000000000001c69       0x3b ./Src/main.o
 .debug_macro   0x0000000000001ca4       0x34 ./Src/main.o
 .debug_macro   0x0000000000001cd8       0x26 ./Src/main.o
 .debug_macro   0x0000000000001cfe      0xe43 ./Src/main.o
 .debug_macro   0x0000000000002b41     0x8018 ./Src/main.o
 .debug_macro   0x000000000000ab59      0x2ee ./Src/main.o
 .debug_macro   0x000000000000ae47      0x64a ./Src/main.o
 .debug_macro   0x000000000000b491       0x1c ./Src/main.o
 .debug_macro   0x000000000000b4ad       0x10 ./Src/main.o
 .debug_macro   0x000000000000b4bd       0x1c ./Src/main.o
 .debug_macro   0x000000000000b4d9       0x16 ./Src/main.o
 .debug_macro   0x000000000000b4ef      0x147 ./Src/main.o
 .debug_macro   0x000000000000b636      0x2ba ./Src/main.o
 .debug_macro   0x000000000000b8f0      0x36c ./Src/main.o
 .debug_macro   0x000000000000bc5c       0x22 ./Src/main.o
 .debug_macro   0x000000000000bc7e       0x7c ./Src/main.o
 .debug_macro   0x000000000000bcfa      0x301 ./Src/main.o
 .debug_macro   0x000000000000bffb       0x34 ./Src/main.o
 .debug_macro   0x000000000000c02f      0xcad ./Src/main.o
 .debug_macro   0x000000000000ccdc      0x741 ./Src/main.o
 .debug_macro   0x000000000000d41d       0xff ./Src/sysmem.o
 .debug_macro   0x000000000000d51c      0x23c ./Src/sysmem.o
 .debug_macro   0x000000000000d758       0xce E:\STM32\version2\drivers\inc\inc\lib_stm\libLibraries.a(system_stm32f4xx.o)
 .debug_macro   0x000000000000d826      0xa66 E:\STM32\version2\drivers\inc\inc\lib_stm\libLibraries.a(system_stm32f4xx.o)
 .debug_macro   0x000000000000e28c       0x22 E:\STM32\version2\drivers\inc\inc\lib_stm\libLibraries.a(system_stm32f4xx.o)
 .debug_macro   0x000000000000e2ae       0x8e E:\STM32\version2\drivers\inc\inc\lib_stm\libLibraries.a(system_stm32f4xx.o)
 .debug_macro   0x000000000000e33c       0xef E:\STM32\version2\drivers\inc\inc\lib_stm\libLibraries.a(system_stm32f4xx.o)
 .debug_macro   0x000000000000e42b       0xc3 E:\STM32\version2\drivers\inc\inc\lib_stm\libLibraries.a(stm32f401re_gpio.o)
 .debug_macro   0x000000000000e4ee       0xd5 E:\STM32\version2\drivers\inc\inc\lib_stm\libLibraries.a(stm32f401re_i2c.o)
 .debug_macro   0x000000000000e5c3      0x2b4 E:\STM32\version2\drivers\inc\inc\lib_stm\libLibraries.a(stm32f401re_i2c.o)
 .debug_macro   0x000000000000e877      0x18d E:\STM32\version2\drivers\inc\inc\lib_stm\libLibraries.a(stm32f401re_rcc.o)
 .debug_macro   0x000000000000ea04      0x644 E:\STM32\version2\drivers\inc\inc\lib_stm\libLibraries.a(stm32f401re_rcc.o)
 .debug_macro   0x000000000000f048       0xe3 E:\STM32\version2\drivers\inc\inc\lib_stm\libLibraries.a(timer.o)
 .debug_macro   0x000000000000f12b       0x1c E:\STM32\version2\drivers\inc\inc\lib_stm\libLibraries.a(timer.o)
 .debug_macro   0x000000000000f147       0x16 E:\STM32\version2\drivers\inc\inc\lib_stm\libLibraries.a(timer.o)
 .debug_macro   0x000000000000f15d       0xe3 E:\STM32\version2\drivers\inc\inc\lib_stm\libLibraries.a(temhumsensor.o)
 .debug_macro   0x000000000000f240       0x76 E:\STM32\version2\drivers\inc\inc\lib_stm\libLibraries.a(temhumsensor.o)
 .debug_macro   0x000000000000f2b6      0x170 E:\STM32\version2\drivers\inc\inc\lib_stm\libLibraries.a(temhumsensor.o)
 .debug_macro   0x000000000000f426      0x2f4 E:\STM32\version2\drivers\inc\inc\lib_stm\libLibraries.a(temhumsensor.o)
 .debug_macro   0x000000000000f71a      0x10a E:\STM32\version2\drivers\inc\inc\lib_stm\libLibraries.a(serial.o)
 .debug_macro   0x000000000000f824      0x16a E:\STM32\version2\drivers\inc\inc\lib_stm\libLibraries.a(serial.o)
 .debug_macro   0x000000000000f98e       0x1c E:\STM32\version2\drivers\inc\inc\lib_stm\libLibraries.a(serial.o)
 .debug_macro   0x000000000000f9aa       0x7c E:\STM32\version2\drivers\inc\inc\lib_stm\libLibraries.a(serial.o)
 .debug_macro   0x000000000000fa26      0x223 E:\STM32\version2\drivers\inc\inc\lib_stm\libLibraries.a(serial.o)
 .debug_macro   0x000000000000fc49      0x141 E:\STM32\version2\drivers\inc\inc\lib_stm\libLibraries.a(Ucglib.o)
 .debug_macro   0x000000000000fd8a      0x174 E:\STM32\version2\drivers\inc\inc\lib_stm\libLibraries.a(Ucglib.o)
 .debug_macro   0x000000000000fefe       0x84 E:\STM32\version2\drivers\inc\inc\lib_stm\libLibraries.a(ucg_box.o)
 .debug_macro   0x000000000000ff82       0x84 E:\STM32\version2\drivers\inc\inc\lib_stm\libLibraries.a(ucg_ccs.o)
 .debug_macro   0x0000000000010006       0x84 E:\STM32\version2\drivers\inc\inc\lib_stm\libLibraries.a(ucg_dev_default_cb.o)
 .debug_macro   0x000000000001008a       0x84 E:\STM32\version2\drivers\inc\inc\lib_stm\libLibraries.a(ucg_dev_ic_st7735.o)
 .debug_macro   0x000000000001010e       0x88 E:\STM32\version2\drivers\inc\inc\lib_stm\libLibraries.a(ucg_dev_msg_api.o)
 .debug_macro   0x0000000000010196       0x84 E:\STM32\version2\drivers\inc\inc\lib_stm\libLibraries.a(ucg_dev_tft_128x128_st7735.o)
 .debug_macro   0x000000000001021a      0x15a E:\STM32\version2\drivers\inc\inc\lib_stm\libLibraries.a(ucg_font.o)
 .debug_macro   0x0000000000010374       0x46 E:\STM32\version2\drivers\inc\inc\lib_stm\libLibraries.a(ucg_font.o)
 .debug_macro   0x00000000000103ba       0x18 E:\STM32\version2\drivers\inc\inc\lib_stm\libLibraries.a(ucg_font.o)
 .debug_macro   0x00000000000103d2       0x3c E:\STM32\version2\drivers\inc\inc\lib_stm\libLibraries.a(ucg_font.o)
 .debug_macro   0x000000000001040e       0x52 E:\STM32\version2\drivers\inc\inc\lib_stm\libLibraries.a(ucg_font.o)
 .debug_macro   0x0000000000010460       0x1f E:\STM32\version2\drivers\inc\inc\lib_stm\libLibraries.a(ucg_font.o)
 .debug_macro   0x000000000001047f       0x43 E:\STM32\version2\drivers\inc\inc\lib_stm\libLibraries.a(ucg_font.o)
 .debug_macro   0x00000000000104c2       0x20 E:\STM32\version2\drivers\inc\inc\lib_stm\libLibraries.a(ucg_font.o)
 .debug_macro   0x00000000000104e2      0x1a3 E:\STM32\version2\drivers\inc\inc\lib_stm\libLibraries.a(ucg_font.o)
 .debug_macro   0x0000000000010685      0x330 E:\STM32\version2\drivers\inc\inc\lib_stm\libLibraries.a(ucg_font.o)
 .debug_macro   0x00000000000109b5       0x35 E:\STM32\version2\drivers\inc\inc\lib_stm\libLibraries.a(ucg_font.o)
 .debug_macro   0x00000000000109ea      0x145 E:\STM32\version2\drivers\inc\inc\lib_stm\libLibraries.a(ucg_init.o)
 .debug_macro   0x0000000000010b2f       0x84 E:\STM32\version2\drivers\inc\inc\lib_stm\libLibraries.a(ucg_line.o)
 .debug_macro   0x0000000000010bb3       0x84 E:\STM32\version2\drivers\inc\inc\lib_stm\libLibraries.a(ucg_pixel.o)
 .debug_macro   0x0000000000010c37       0x84 E:\STM32\version2\drivers\inc\inc\lib_stm\libLibraries.a(ucg_pixel_font_data.o)
 .debug_macro   0x0000000000010cbb       0xbd E:\STM32\version2\drivers\inc\inc\lib_stm\libLibraries.a(ucg_rotate.o)
 .debug_macro   0x0000000000010d78       0xc2 E:\STM32\version2\drivers\inc\inc\lib_stm\libLibraries.a(buff.o)
 .debug_macro   0x0000000000010e3a       0x16 E:\STM32\version2\drivers\inc\inc\lib_stm\libLibraries.a(buff.o)
 .debug_macro   0x0000000000010e50       0x72 E:\STM32\version2\drivers\inc\inc\lib_stm\libLibraries.a(utilities.o)
 .debug_macro   0x0000000000010ec2       0x10 E:\STM32\version2\drivers\inc\inc\lib_stm\libLibraries.a(utilities.o)
 .debug_macro   0x0000000000010ed2       0xdb E:\STM32\version2\drivers\inc\inc\lib_stm\libLibraries.a(stm32f401re_usart.o)
 .debug_macro   0x0000000000010fad      0x21d E:\STM32\version2\drivers\inc\inc\lib_stm\libLibraries.a(stm32f401re_usart.o)
 .debug_macro   0x00000000000111ca       0x84 E:\STM32\version2\drivers\inc\inc\lib_stm\libLibraries.a(ucg_clip.o)
 .debug_macro   0x000000000001124e       0x84 E:\STM32\version2\drivers\inc\inc\lib_stm\libLibraries.a(ucg_com_msg_api.o)

.debug_line     0x0000000000000000     0xa46c
 .debug_line    0x0000000000000000      0xea8 ./Src/main.o
 .debug_line    0x0000000000000ea8      0x57e ./Src/sysmem.o