../Src/main.c:158:13:Led_Init_red1	16	static
../Src/main.c:170:13:Led_Init_red2	16	static
../Src/main.c:181:13:Led_Init_blue1	16	static
../Src/main.c:193:13:Led_Init_blue2	16	static
../Src/main.c:205:13:Button_Init	16	static
../Src/main.c:216:13:Button_Init_b3	16	static
../Src/main.c:227:13:Button_Init_b4	16	static
../Src/main.c:238:13:Buzzer_Init	16	static
../Src/main.c:250:13:LEDControl_SetStatus	16	static
../Src/main.c:262:16:ButtonRead_Status	24	static
../Src/main.c:271:13:BuzzerControl_SetStatus	16	static
../Src/main.c:284:6:main	24	static
../Src/main.c:356:7:delay_ms	24	static
../Src/main.c:372:11:CalculatorTime	24	static
../Src/main.c:389:14:AppCommon	16	static
../Src/main.c:413:14:SPI1_Init	16	static
../Src/main.c:441:14:I2C_Init_temphumi	32	static
../Src/main.c:480:7:I2C_start	8	static
../Src/main.c:500:8:I2C_address_direction	16	static
../Src/main.c:523:8:I2C_transmit	16	static
../Src/main.c:539:8:I2C_stop	8	static
../Src/main.c:551:11:I2C_receive_nack	8	static
../Src/main.c:570:11:I2C_receive_ack	8	static
../Src/main.c:588:15:TemHumSensor_readRegister	40	static
../Src/main.c:634:13:GetTemp_Sensor	32	static
../Src/main.c:656:13:GetHumi_Sensor	32	static
../Src/main.c:680:9:processGetValueSensor	16	static
../Src/main.c:732:6:Scan_SensorLCD	16	static
../Src/main.c:749:12:Scan_TimeSensor	24	static
../Src/main.c:764:19:AppInitCommon	16	static
../Src/main.c:787:19:LightSensor_AdcInit	56	static
../Src/main.c:841:20:LedControl_TimerOCInit	48	static
../Src/main.c:895:17:LightSensor_AdcPollingRead	16	static
../Src/main.c:917:17:Kanman_Light	16	static
../Src/main.c:930:20:LedControl_TimerOCSetPwm	16	static
../Src/main.c:940:20:ABL_Process	24	static
