../Src/main.c:163:13:Led_Init_red1	16	static
../Src/main.c:174:13:Led_Init_red2	16	static
../Src/main.c:184:13:Led_Init_blue1	16	static
../Src/main.c:195:13:Led_Init_blue2	16	static
../Src/main.c:206:13:Button_Init	16	static
../Src/main.c:216:13:Button_Init_b3	16	static
../Src/main.c:226:13:Button_Init_b4	16	static
../Src/main.c:236:13:Buzzer_Init	16	static
../Src/main.c:247:13:LEDControl_SetStatus	16	static
../Src/main.c:257:16:ButtonRead_Status	24	static
../Src/main.c:265:13:BuzzerControl_SetStatus	16	static
../Src/main.c:276:5:main	16	static
../Src/main.c:376:6:delay_ms	24	static
../Src/main.c:392:10:CalculatorTime	24	static
../Src/main.c:409:13:AppCommon	16	static
../Src/main.c:434:13:SPI1_Init	16	static
../Src/main.c:463:13:I2C_Init_temphumi	32	static
../Src/main.c:501:6:I2C_start	8	static
../Src/main.c:522:6:I2C_address_direction	16	static
../Src/main.c:547:6:I2C_transmit	16	static
../Src/main.c:563:6:I2C_stop	8	static
../Src/main.c:574:9:I2C_receive_nack	8	static
../Src/main.c:592:9:I2C_receive_ack	8	static
../Src/main.c:610:13:TemHumSensor_readRegister	40	static
../Src/main.c:650:10:GetTemp_Sensor	32	static
../Src/main.c:670:10:GetHumi_Sensor	32	static
../Src/main.c:691:6:processGetValueSensor	16	static
../Src/main.c:742:6:Scan_SensorLCD	16	static
../Src/main.c:762:6:Scan_TimeSensor	24	static
../Src/main.c:799:13:LightSensor_AdcInit	56	static
../Src/main.c:851:13:LedControl_TimerOCInit	40	static
../Src/main.c:901:10:LightSensor_AdcPollingRead	16	static
../Src/main.c:923:10:Kanman_Light	16	static
../Src/main.c:935:13:LedControl_TimerOCSetPwm	16	static
../Src/main.c:944:13:ABL_Process	24	static
